This is pdfTeX, Version 3.141592653-2.6-1.40.25 (TeX Live 2023) (preloaded format=pdflatex 2023.11.24)  1 JAN 2026 18:01
entering extended mode
 restricted \write18 enabled.
 file:line:error style messages enabled.
 %&-line parsing enabled.
**g:/Autosave/VIV/SParse2Full/manuscript_gpt_review/latex/manuscript/main.tex
(g:/Autosave/VIV/SParse2Full/manuscript_gpt_review/latex/manuscript/main.tex
LaTeX2e <2023-11-01>
L3 programming layer <2023-11-09>
(d:/texlive/2023/texmf-dist/tex/latex/ctex/ctexbook.cls (d:/texlive/2023/texmf-dist/tex/latex/ctex/config/ctexbackend.cfg
File: ctexbackend.cfg 2022/07/14 v2.5.10 Backend configuration file (CTEX)
) (d:/texlive/2023/texmf-dist/tex/latex/l3kernel/expl3.sty
Package: expl3 2023-11-09 L3 programming layer (loader) 
 (d:/texlive/2023/texmf-dist/tex/latex/l3backend/l3backend-pdftex.def
File: l3backend-pdftex.def 2023-11-09 L3 backend support: PDF output (pdfTeX)
\l__color_backend_stack_int=\count186
\l__pdf_internal_box=\box51
))
Document Class: ctexbook 2022/07/14 v2.5.10 Chinese adapter for class book (CTEX)
(d:/texlive/2023/texmf-dist/tex/latex/ctex/ctexhook.sty
Package: ctexhook 2022/07/14 v2.5.10 Document and package hooks (CTEX)
) (d:/texlive/2023/texmf-dist/tex/latex/ctex/ctexpatch.sty
Package: ctexpatch 2022/07/14 v2.5.10 Patching commands (CTEX)
) (d:/texlive/2023/texmf-dist/tex/latex/base/fix-cm.sty
Package: fix-cm 2020/11/24 v1.1t fixes to LaTeX
 (d:/texlive/2023/texmf-dist/tex/latex/base/ts1enc.def
File: ts1enc.def 2001/06/05 v3.0e (jk/car/fm) Standard LaTeX file
LaTeX Font Info:    Redeclaring font encoding TS1 on input line 47.
))
\l__ctex_tmp_int=\count187
\l__ctex_tmp_box=\box52
\l__ctex_tmp_dim=\dimen140
\g__ctex_section_depth_int=\count188
\g__ctex_font_size_int=\count189
 (d:/texlive/2023/texmf-dist/tex/latex/ctex/config/ctexopts.cfg
File: ctexopts.cfg 2022/07/14 v2.5.10 Option configuration file (CTEX)
) (d:/texlive/2023/texmf-dist/tex/latex/base/book.cls
Document Class: book 2023/05/17 v1.4n Standard LaTeX document class
(d:/texlive/2023/texmf-dist/tex/latex/base/bk12.clo
File: bk12.clo 2023/05/17 v1.4n Standard LaTeX file (size option)
)
\c@part=\count190
\c@chapter=\count191
\c@section=\count192
\c@subsection=\count193
\c@subsubsection=\count194
\c@paragraph=\count195
\c@subparagraph=\count196
\c@figure=\count197
\c@table=\count198
\abovecaptionskip=\skip48
\belowcaptionskip=\skip49
\bibindent=\dimen141
) (d:/texlive/2023/texmf-dist/tex/latex/ctex/engine/ctex-engine-pdftex.def
File: ctex-engine-pdftex.def 2022/07/14 v2.5.10 (pdf)LaTeX adapter (CTEX)
 (d:/texlive/2023/texmf-dist/tex/latex/cjk/texinput/CJKutf8.sty
Package: CJKutf8 2021/10/16 4.8.5
 (d:/texlive/2023/texmf-dist/tex/generic/iftex/ifpdf.sty
Package: ifpdf 2019/10/25 v3.4 ifpdf legacy package. Use iftex instead.
 (d:/texlive/2023/texmf-dist/tex/generic/iftex/iftex.sty
Package: iftex 2022/02/03 v1.0f TeX engine tests
)) (d:/texlive/2023/texmf-dist/tex/latex/base/inputenc.sty
Package: inputenc 2021/02/14 v1.3d Input encoding file
\inpenc@prehook=\toks17
\inpenc@posthook=\toks18
) (d:/texlive/2023/texmf-dist/tex/latex/cjk/texinput/CJK.sty
Package: CJK 2021/10/16 4.8.5
 (d:/texlive/2023/texmf-dist/tex/latex/cjk/texinput/mule/MULEenc.sty
Package: MULEenc 2021/10/16 4.8.5
) (d:/texlive/2023/texmf-dist/tex/latex/cjk/texinput/CJK.enc
File: CJK.enc 2021/10/16 4.8.5
Now handling font encoding C00 ...
... no UTF-8 mapping file for font encoding C00
Now handling font encoding C05 ...
... no UTF-8 mapping file for font encoding C05
Now handling font encoding C09 ...
... no UTF-8 mapping file for font encoding C09
Now handling font encoding C10 ...
... no UTF-8 mapping file for font encoding C10
Now handling font encoding C20 ...
... no UTF-8 mapping file for font encoding C20
Now handling font encoding C19 ...
... no UTF-8 mapping file for font encoding C19
Now handling font encoding C40 ...
... no UTF-8 mapping file for font encoding C40
Now handling font encoding C42 ...
... no UTF-8 mapping file for font encoding C42
Now handling font encoding C43 ...
... no UTF-8 mapping file for font encoding C43
Now handling font encoding C50 ...
... no UTF-8 mapping file for font encoding C50
Now handling font encoding C52 ...
... no UTF-8 mapping file for font encoding C52
Now handling font encoding C49 ...
... no UTF-8 mapping file for font encoding C49
Now handling font encoding C60 ...
... no UTF-8 mapping file for font encoding C60
Now handling font encoding C61 ...
... no UTF-8 mapping file for font encoding C61
Now handling font encoding C63 ...
... no UTF-8 mapping file for font encoding C63
Now handling font encoding C64 ...
... no UTF-8 mapping file for font encoding C64
Now handling font encoding C65 ...
... no UTF-8 mapping file for font encoding C65
Now handling font encoding C70 ...
... no UTF-8 mapping file for font encoding C70
Now handling font encoding C31 ...
... no UTF-8 mapping file for font encoding C31
Now handling font encoding C32 ...
... no UTF-8 mapping file for font encoding C32
Now handling font encoding C33 ...
... no UTF-8 mapping file for font encoding C33
Now handling font encoding C34 ...
... no UTF-8 mapping file for font encoding C34
Now handling font encoding C35 ...
... no UTF-8 mapping file for font encoding C35
Now handling font encoding C36 ...
... no UTF-8 mapping file for font encoding C36
Now handling font encoding C37 ...
... no UTF-8 mapping file for font encoding C37
Now handling font encoding C80 ...
... no UTF-8 mapping file for font encoding C80
Now handling font encoding C81 ...
... no UTF-8 mapping file for font encoding C81
Now handling font encoding C01 ...
... no UTF-8 mapping file for font encoding C01
Now handling font encoding C11 ...
... no UTF-8 mapping file for font encoding C11
Now handling font encoding C21 ...
... no UTF-8 mapping file for font encoding C21
Now handling font encoding C41 ...
... no UTF-8 mapping file for font encoding C41
Now handling font encoding C62 ...
... no UTF-8 mapping file for font encoding C62
)
\CJK@indent=\box53
) (d:/texlive/2023/texmf-dist/tex/latex/base/fontenc.sty
Package: fontenc 2021/04/29 v2.0v Standard LaTeX package
)) (d:/texlive/2023/texmf-dist/tex/latex/cjkpunct/CJKpunct.sty
Package: CJKpunct 2016/05/14 4.8.4
\CJKpunct@cnta=\count199
\CJKpunct@cntb=\count266
\CJKpunct@cntc=\count267
\CJKpunct@cntd=\count268
\CJKpunct@cnte=\count269
   defining Unicode char U+2018 (decimal 8216)
   defining Unicode char U+2019 (decimal 8217)
   defining Unicode char U+201C (decimal 8220)
   defining Unicode char U+201D (decimal 8221)
   defining Unicode char U+2014 (decimal 8212)
   defining Unicode char U+2026 (decimal 8230)
 (d:/texlive/2023/texmf-dist/tex/latex/cjkpunct/CJKpunct.spa)) (d:/texlive/2023/texmf-dist/tex/latex/cjk/texinput/CJKspace.sty
Package: CJKspace 2021/10/16 3.8.0
) (d:/texlive/2023/texmf-dist/tex/latex/cjk/texinput/UTF8/UTF8.bdg
File: UTF8.bdg 2021/10/16 4.8.5
) (d:/texlive/2023/texmf-dist/tex/latex/ctex/ctexspa.def
File: ctexspa.def 2022/07/14 v2.5.10 Space info for CJKpunct (CTEX)
)
\ccwd=\dimen142
\l__ctex_ccglue_skip=\skip50
)
\l__ctex_ziju_dim=\dimen143
 (d:/texlive/2023/texmf-dist/tex/latex/zhnumber/zhnumber.sty
Package: zhnumber 2022/07/14 v3.0 Typesetting numbers with Chinese glyphs
\l__zhnum_scale_int=\count270
\l__zhnum_tmp_int=\count271
 (d:/texlive/2023/texmf-dist/tex/latex/zhnumber/zhnumber-utf8.cfg
File: zhnumber-utf8.cfg 2022/07/14 v3.0 Chinese numerals with UTF8 encoding
))
\l__ctex_heading_skip=\skip51
 (d:/texlive/2023/texmf-dist/tex/latex/ctex/scheme/ctex-scheme-chinese-book.def
File: ctex-scheme-chinese-book.def 2022/07/14 v2.5.10 Chinese scheme for book (CTEX)
 (d:/texlive/2023/texmf-dist/tex/latex/ctex/config/ctex-name-utf8.cfg
File: ctex-name-utf8.cfg 2022/07/14 v2.5.10 Caption with encoding UTF-8 (CTEX)
)) (d:/texlive/2023/texmf-dist/tex/latex/ctex/ctex-cs4size.clo
File: ctex-cs4size.clo 2022/07/14 v2.5.10 cs4size option (CTEX)
) (d:/texlive/2023/texmf-dist/tex/latex/ctex/fontset/ctex-fontset-windows.def
File: ctex-fontset-windows.def 2022/07/14 v2.5.10 Windows fonts definition (CTEX)
)) (d:/texlive/2023/texmf-dist/tex/latex/ctex/config/ctex.cfg
File: ctex.cfg 2022/07/14 v2.5.10 Configuration file (CTEX)
) (d:/texlive/2023/texmf-dist/tex/latex/geometry/geometry.sty
Package: geometry 2020/01/02 v5.9 Page Geometry
 (d:/texlive/2023/texmf-dist/tex/latex/graphics/keyval.sty
Package: keyval 2022/05/29 v1.15 key=value parser (DPC)
\KV@toks@=\toks19
) (d:/texlive/2023/texmf-dist/tex/generic/iftex/ifvtex.sty
Package: ifvtex 2019/10/25 v1.7 ifvtex legacy package. Use iftex instead.
)
\Gm@cnth=\count272
\Gm@cntv=\count273
\c@Gm@tempcnt=\count274
\Gm@bindingoffset=\dimen144
\Gm@wd@mp=\dimen145
\Gm@odd@mp=\dimen146
\Gm@even@mp=\dimen147
\Gm@layoutwidth=\dimen148
\Gm@layoutheight=\dimen149
\Gm@layouthoffset=\dimen150
\Gm@layoutvoffset=\dimen151
\Gm@dimlist=\toks20
) (d:/texlive/2023/texmf-dist/tex/latex/amsmath/amsmath.sty
Package: amsmath 2023/05/13 v2.17o AMS math features
\@mathmargin=\skip52

For additional information on amsmath, use the `?' option.
(d:/texlive/2023/texmf-dist/tex/latex/amsmath/amstext.sty
Package: amstext 2021/08/26 v2.01 AMS text
 (d:/texlive/2023/texmf-dist/tex/latex/amsmath/amsgen.sty
File: amsgen.sty 1999/11/30 v2.0 generic functions
\@emptytoks=\toks21
\ex@=\dimen152
)) (d:/texlive/2023/texmf-dist/tex/latex/amsmath/amsbsy.sty
Package: amsbsy 1999/11/29 v1.2d Bold Symbols
\pmbraise@=\dimen153
) (d:/texlive/2023/texmf-dist/tex/latex/amsmath/amsopn.sty
Package: amsopn 2022/04/08 v2.04 operator names
)
\inf@bad=\count275
LaTeX Info: Redefining \frac on input line 234.
\uproot@=\count276
\leftroot@=\count277
LaTeX Info: Redefining \overline on input line 399.
LaTeX Info: Redefining \colon on input line 410.
\classnum@=\count278
\DOTSCASE@=\count279
LaTeX Info: Redefining \ldots on input line 496.
LaTeX Info: Redefining \dots on input line 499.
LaTeX Info: Redefining \cdots on input line 620.
\Mathstrutbox@=\box54
\strutbox@=\box55
LaTeX Info: Redefining \big on input line 722.
LaTeX Info: Redefining \Big on input line 723.
LaTeX Info: Redefining \bigg on input line 724.
LaTeX Info: Redefining \Bigg on input line 725.
\big@size=\dimen154
LaTeX Font Info:    Redeclaring font encoding OML on input line 743.
LaTeX Font Info:    Redeclaring font encoding OMS on input line 744.
\macc@depth=\count280
LaTeX Info: Redefining \bmod on input line 905.
LaTeX Info: Redefining \pmod on input line 910.
LaTeX Info: Redefining \smash on input line 940.
LaTeX Info: Redefining \relbar on input line 970.
LaTeX Info: Redefining \Relbar on input line 971.
\c@MaxMatrixCols=\count281
\dotsspace@=\muskip16
\c@parentequation=\count282
\dspbrk@lvl=\count283
\tag@help=\toks22
\row@=\count284
\column@=\count285
\maxfields@=\count286
\andhelp@=\toks23
\eqnshift@=\dimen155
\alignsep@=\dimen156
\tagshift@=\dimen157
\tagwidth@=\dimen158
\totwidth@=\dimen159
\lineht@=\dimen160
\@envbody=\toks24
\multlinegap=\skip53
\multlinetaggap=\skip54
\mathdisplay@stack=\toks25
LaTeX Info: Redefining \[ on input line 2953.
LaTeX Info: Redefining \] on input line 2954.
) (d:/texlive/2023/texmf-dist/tex/latex/amsfonts/amssymb.sty
Package: amssymb 2013/01/14 v3.01 AMS font symbols
 (d:/texlive/2023/texmf-dist/tex/latex/amsfonts/amsfonts.sty
Package: amsfonts 2013/01/14 v3.01 Basic AMSFonts support
\symAMSa=\mathgroup4
\symAMSb=\mathgroup5
LaTeX Font Info:    Redeclaring math symbol \hbar on input line 98.
LaTeX Font Info:    Overwriting math alphabet `\mathfrak' in version `bold'
(Font)                  U/euf/m/n --> U/euf/b/n on input line 106.
)) (d:/texlive/2023/texmf-dist/tex/latex/tools/bm.sty
Package: bm 2023/07/08 v1.2f Bold Symbol Support (DPC/FMi)
\symboldoperators=\mathgroup6
\symboldletters=\mathgroup7
\symboldsymbols=\mathgroup8
Package bm Info: No bold for \OMX/cmex/m/n, using \pmb.
Package bm Info: No bold for \U/msa/m/n, using \pmb.
Package bm Info: No bold for \U/msb/m/n, using \pmb.
LaTeX Font Info:    Redeclaring math alphabet \mathbf on input line 149.
) (d:/texlive/2023/texmf-dist/tex/latex/amscls/amsthm.sty
Package: amsthm 2020/05/29 v2.20.6
\thm@style=\toks26
\thm@bodyfont=\toks27
\thm@headfont=\toks28
\thm@notefont=\toks29
\thm@headpunct=\toks30
\thm@preskip=\skip55
\thm@postskip=\skip56
\thm@headsep=\skip57
\dth@everypar=\toks31
) (d:/texlive/2023/texmf-dist/tex/latex/booktabs/booktabs.sty
Package: booktabs 2020/01/12 v1.61803398 Publication quality tables
\heavyrulewidth=\dimen161
\lightrulewidth=\dimen162
\cmidrulewidth=\dimen163
\belowrulesep=\dimen164
\belowbottomsep=\dimen165
\aboverulesep=\dimen166
\abovetopsep=\dimen167
\cmidrulesep=\dimen168
\cmidrulekern=\dimen169
\defaultaddspace=\dimen170
\@cmidla=\count287
\@cmidlb=\count288
\@aboverulesep=\dimen171
\@belowrulesep=\dimen172
\@thisruleclass=\count289
\@lastruleclass=\count290
\@thisrulewidth=\dimen173
) (d:/texlive/2023/texmf-dist/tex/latex/tools/tabularx.sty
Package: tabularx 2023/07/08 v2.11c `tabularx' package (DPC)
 (d:/texlive/2023/texmf-dist/tex/latex/tools/array.sty
Package: array 2023/10/16 v2.5g Tabular extension package (FMi)
\col@sep=\dimen174
\ar@mcellbox=\box56
\extrarowheight=\dimen175
\NC@list=\toks32
\extratabsurround=\skip58
\backup@length=\skip59
\ar@cellbox=\box57
)
\TX@col@width=\dimen176
\TX@old@table=\dimen177
\TX@old@col=\dimen178
\TX@target=\dimen179
\TX@delta=\dimen180
\TX@cols=\count291
\TX@ftn=\toks33
) (d:/texlive/2023/texmf-dist/tex/latex/csquotes/csquotes.sty
Package: csquotes 2022-09-14 v5.2n context-sensitive quotations (JAW)
 (d:/texlive/2023/texmf-dist/tex/latex/etoolbox/etoolbox.sty
Package: etoolbox 2020/10/05 v2.5k e-TeX tools for LaTeX (JAW)
\etb@tempcnta=\count292
)
\csq@reset=\count293
\csq@gtype=\count294
\csq@glevel=\count295
\csq@qlevel=\count296
\csq@maxlvl=\count297
\csq@tshold=\count298
\csq@ltx@everypar=\toks34
 (d:/texlive/2023/texmf-dist/tex/latex/csquotes/csquotes.def
File: csquotes.def 2022-09-14 v5.2n csquotes generic definitions (JAW)
)
Package csquotes Info: Trying to load configuration file 'csquotes.cfg'...
Package csquotes Info: ... configuration file loaded successfully.
 (d:/texlive/2023/texmf-dist/tex/latex/csquotes/csquotes.cfg
File: csquotes.cfg 
)) (d:/texlive/2023/texmf-dist/tex/latex/graphics/graphicx.sty
Package: graphicx 2021/09/16 v1.2d Enhanced LaTeX Graphics (DPC,SPQR)
 (d:/texlive/2023/texmf-dist/tex/latex/graphics/graphics.sty
Package: graphics 2022/03/10 v1.4e Standard LaTeX Graphics (DPC,SPQR)
 (d:/texlive/2023/texmf-dist/tex/latex/graphics/trig.sty
Package: trig 2021/08/11 v1.11 sin cos tan (DPC)
) (d:/texlive/2023/texmf-dist/tex/latex/graphics-cfg/graphics.cfg
File: graphics.cfg 2016/06/04 v1.11 sample graphics configuration
)
Package graphics Info: Driver file: pdftex.def on input line 107.
 (d:/texlive/2023/texmf-dist/tex/latex/graphics-def/pdftex.def
File: pdftex.def 2022/09/22 v1.2b Graphics/color driver for pdftex
))
\Gin@req@height=\dimen181
\Gin@req@width=\dimen182
) (d:/texlive/2023/texmf-dist/tex/latex/algorithms/algorithm.sty
Package: algorithm 2009/08/24 v0.1 Document Style `algorithm' - floating environment
 (d:/texlive/2023/texmf-dist/tex/latex/float/float.sty
Package: float 2001/11/08 v1.3d Float enhancements (AL)
\c@float@type=\count299
\float@exts=\toks35
\float@box=\box58
\@float@everytoks=\toks36
\@floatcapt=\box59
) (d:/texlive/2023/texmf-dist/tex/latex/base/ifthen.sty
Package: ifthen 2022/04/13 v1.1d Standard LaTeX ifthen package (DPC)
)
\@float@every@algorithm=\toks37
\c@algorithm=\count300
) (d:/texlive/2023/texmf-dist/tex/latex/algorithmicx/algpseudocode.sty
Package: algpseudocode 
 (d:/texlive/2023/texmf-dist/tex/latex/algorithmicx/algorithmicx.sty
Package: algorithmicx 2005/04/27 v1.2 Algorithmicx

Document Style algorithmicx 1.2 - a greatly improved `algorithmic' style
\c@ALG@line=\count301
\c@ALG@rem=\count302
\c@ALG@nested=\count303
\ALG@tlm=\skip60
\ALG@thistlm=\skip61
\c@ALG@Lnr=\count304
\c@ALG@blocknr=\count305
\c@ALG@storecount=\count306
\c@ALG@tmpcounter=\count307
\ALG@tmplength=\skip62
)
Document Style - pseudocode environments for use with the `algorithmicx' style
) (d:/texlive/2023/texmf-dist/tex/latex/enumitem/enumitem.sty
Package: enumitem 2019/06/20 v3.9 Customized lists
\labelindent=\skip63
\enit@outerparindent=\dimen183
\enit@toks=\toks38
\enit@inbox=\box60
\enit@count@id=\count308
\enitdp@description=\count309
)
\c@proposition=\count310
 (d:/texlive/2023/texmf-dist/tex/latex/biblatex/biblatex.sty
Package: biblatex 2023/03/05 v3.19 programmable bibliographies (PK/MW)
 (d:/texlive/2023/texmf-dist/tex/generic/pdftexcmds/pdftexcmds.sty
Package: pdftexcmds 2020-06-27 v0.33 Utility functions of pdfTeX for LuaTeX (HO)
 (d:/texlive/2023/texmf-dist/tex/generic/infwarerr/infwarerr.sty
Package: infwarerr 2019/12/03 v1.5 Providing info/warning/error messages (HO)
) (d:/texlive/2023/texmf-dist/tex/generic/ltxcmds/ltxcmds.sty
Package: ltxcmds 2020-05-10 v1.25 LaTeX kernel commands for general use (HO)
)
Package pdftexcmds Info: \pdf@primitive is available.
Package pdftexcmds Info: \pdf@ifprimitive is available.
Package pdftexcmds Info: \pdfdraftmode found.
) (d:/texlive/2023/texmf-dist/tex/latex/kvoptions/kvoptions.sty
Package: kvoptions 2022-06-15 v3.15 Key value format for package options (HO)
 (d:/texlive/2023/texmf-dist/tex/latex/kvsetkeys/kvsetkeys.sty
Package: kvsetkeys 2022-10-05 v1.19 Key value parser (HO)
)) (d:/texlive/2023/texmf-dist/tex/latex/logreq/logreq.sty
Package: logreq 2010/08/04 v1.0 xml request logger
\lrq@indent=\count311
 (d:/texlive/2023/texmf-dist/tex/latex/logreq/logreq.def
File: logreq.def 2010/08/04 v1.0 logreq spec v1.0
)) (d:/texlive/2023/texmf-dist/tex/latex/url/url.sty
\Urlmuskip=\muskip17
Package: url 2013/09/16  ver 3.4  Verb mode for urls, etc.
)
\c@tabx@nest=\count312
\c@listtotal=\count313
\c@listcount=\count314
\c@liststart=\count315
\c@liststop=\count316
\c@citecount=\count317
\c@citetotal=\count318
\c@multicitecount=\count319
\c@multicitetotal=\count320
\c@instcount=\count321
\c@maxnames=\count322
\c@minnames=\count323
\c@maxitems=\count324
\c@minitems=\count325
\c@citecounter=\count326
\c@maxcitecounter=\count327
\c@savedcitecounter=\count328
\c@uniquelist=\count329
\c@uniquename=\count330
\c@refsection=\count331
\c@refsegment=\count332
\c@maxextratitle=\count333
\c@maxextratitleyear=\count334
\c@maxextraname=\count335
\c@maxextradate=\count336
\c@maxextraalpha=\count337
\c@abbrvpenalty=\count338
\c@highnamepenalty=\count339
\c@lownamepenalty=\count340
\c@maxparens=\count341
\c@parenlevel=\count342
\blx@tempcnta=\count343
\blx@tempcntb=\count344
\blx@tempcntc=\count345
\c@blx@maxsection=\count346
\blx@maxsegment@0=\count347
\blx@notetype=\count348
\blx@parenlevel@text=\count349
\blx@parenlevel@foot=\count350
\blx@sectionciteorder@0=\count351
\blx@sectionciteorderinternal@0=\count352
\blx@entrysetcounter=\count353
\blx@biblioinstance=\count354
\labelnumberwidth=\skip64
\labelalphawidth=\skip65
\biblabelsep=\skip66
\bibitemsep=\skip67
\bibnamesep=\skip68
\bibinitsep=\skip69
\bibparsep=\skip70
\bibhang=\skip71
\blx@bcfin=\read2
\blx@bcfout=\write3
\blx@langwohyphens=\language89
\c@mincomprange=\count355
\c@maxcomprange=\count356
\c@mincompwidth=\count357
Package biblatex Info: Trying to load biblatex default data model...
Package biblatex Info: ... file 'blx-dm.def' found.
 (d:/texlive/2023/texmf-dist/tex/latex/biblatex/blx-dm.def
File: blx-dm.def 2023/03/05 v3.19 biblatex localization (PK/MW)
)
Package biblatex Info: Trying to load biblatex style data model...
Package biblatex Info: ... file 'apa.dbx' found.
 (d:/texlive/2023/texmf-dist/tex/latex/biblatex-apa/apa.dbx
File: apa.dbx 2023/03/20 v9.17 APA biblatex style data model
)
Package biblatex Info: Trying to load biblatex custom data model...
Package biblatex Info: ... file 'biblatex-dm.cfg' not found.
\c@afterword=\count358
\c@savedafterword=\count359
\c@annotator=\count360
\c@savedannotator=\count361
\c@author=\count362
\c@savedauthor=\count363
\c@bookauthor=\count364
\c@savedbookauthor=\count365
\c@commentator=\count366
\c@savedcommentator=\count367
\c@editor=\count368
\c@savededitor=\count369
\c@editora=\count370
\c@savededitora=\count371
\c@editorb=\count372
\c@savededitorb=\count373
\c@editorc=\count374
\c@savededitorc=\count375
\c@foreword=\count376
\c@savedforeword=\count377
\c@holder=\count378
\c@savedholder=\count379
\c@introduction=\count380
\c@savedintroduction=\count381
\c@namea=\count382
\c@savednamea=\count383
\c@nameb=\count384
\c@savednameb=\count385
\c@namec=\count386
\c@savednamec=\count387
\c@translator=\count388
\c@savedtranslator=\count389
\c@shortauthor=\count390
\c@savedshortauthor=\count391
\c@shorteditor=\count392
\c@savedshorteditor=\count393
\c@narrator=\count394
\c@savednarrator=\count395
\c@execproducer=\count396
\c@savedexecproducer=\count397
\c@execdirector=\count398
\c@savedexecdirector=\count399
\c@with=\count400
\c@savedwith=\count401
\c@labelname=\count402
\c@savedlabelname=\count403
\c@institution=\count404
\c@savedinstitution=\count405
\c@lista=\count406
\c@savedlista=\count407
\c@listb=\count408
\c@savedlistb=\count409
\c@listc=\count410
\c@savedlistc=\count411
\c@listd=\count412
\c@savedlistd=\count413
\c@liste=\count414
\c@savedliste=\count415
\c@listf=\count416
\c@savedlistf=\count417
\c@location=\count418
\c@savedlocation=\count419
\c@organization=\count420
\c@savedorganization=\count421
\c@origlocation=\count422
\c@savedoriglocation=\count423
\c@origpublisher=\count424
\c@savedorigpublisher=\count425
\c@publisher=\count426
\c@savedpublisher=\count427
\c@language=\count428
\c@savedlanguage=\count429
\c@origlanguage=\count430
\c@savedoriglanguage=\count431
\c@citation=\count432
\c@savedcitation=\count433
\c@pageref=\count434
\c@savedpageref=\count435
\shorthandwidth=\skip72
\shortjournalwidth=\skip73
\shortserieswidth=\skip74
\shorttitlewidth=\skip75
\shortauthorwidth=\skip76
\shorteditorwidth=\skip77
\locallabelnumberwidth=\skip78
\locallabelalphawidth=\skip79
\localshorthandwidth=\skip80
\localshortjournalwidth=\skip81
\localshortserieswidth=\skip82
\localshorttitlewidth=\skip83
\localshortauthorwidth=\skip84
\localshorteditorwidth=\skip85
Package biblatex Info: Trying to load compatibility code...
Package biblatex Info: ... file 'blx-compat.def' found.
 (d:/texlive/2023/texmf-dist/tex/latex/biblatex/blx-compat.def
File: blx-compat.def 2023/03/05 v3.19 biblatex compatibility (PK/MW)
)
Package biblatex Info: Trying to load generic definitions...
Package biblatex Info: ... file 'biblatex.def' found.
 (d:/texlive/2023/texmf-dist/tex/latex/biblatex/biblatex.def
File: biblatex.def 2023/03/05 v3.19 biblatex compatibility (PK/MW)
\c@textcitecount=\count436
\c@textcitetotal=\count437
\c@textcitemaxnames=\count438
\c@biburlbigbreakpenalty=\count439
\c@biburlbreakpenalty=\count440
\c@biburlnumpenalty=\count441
\c@biburlucpenalty=\count442
\c@biburllcpenalty=\count443
\biburlbigskip=\muskip18
\biburlnumskip=\muskip19
\biburlucskip=\muskip20
\biburllcskip=\muskip21
\c@smartand=\count444
)
Package biblatex Info: Trying to load bibliography style 'apa'...
Package biblatex Info: ... file 'apa.bbx' found.
 (d:/texlive/2023/texmf-dist/tex/latex/biblatex-apa/apa.bbx
File: apa.bbx 2023/03/20 v9.17 APA biblatex references style
Package biblatex Info: Trying to load bibliography style 'standard'...
Package biblatex Info: ... file 'standard.bbx' found.
 (d:/texlive/2023/texmf-dist/tex/latex/biblatex/bbx/standard.bbx
File: standard.bbx 2023/03/05 v3.19 biblatex bibliography style (PK/MW)
\c@bbx:relatedcount=\count445
\c@bbx:relatedtotal=\count446
)
Package biblatex Info: Delimiter 'nameyeardelim' in context 'bib' already defined, overwriting.
Package biblatex Info: Delimiter 'nameyeardelim' in context 'biblist' already defined, overwriting.
Package biblatex Info: Delimiter 'nonameyeardelim' in context 'bib' already defined, overwriting.
Package biblatex Info: Delimiter 'nonameyeardelim' in context 'biblist' already defined, overwriting.
)
Package biblatex Info: Trying to load citation style 'apa'...
Package biblatex Info: ... file 'apa.cbx' found.
 (d:/texlive/2023/texmf-dist/tex/latex/biblatex-apa/apa.cbx
File: apa.cbx 2023/03/20 v9.17 APA biblatex citation style
Package biblatex Info: Delimiter 'nameyeardelim' in context '' already defined, overwriting.
Package biblatex Info: Delimiter 'andothersdelim' in context '' already defined, overwriting.
Package biblatex Info: Redefining '\fullcite'.
Package biblatex Info: Redefining '\citeauthor'.
Package biblatex Info: Redefining '\citeyear'.
Package biblatex Info: Redefining '\cite'.
Package biblatex Info: Redefining '\cites'.
Package biblatex Info: Redefining '\parencite'.
Package biblatex Info: Redefining '\parencites'.
Package biblatex Info: Redefining '\footcite'.
Package biblatex Info: Redefining '\footcites'.
Package biblatex Info: Redefining '\footcitetext'.
Package biblatex Info: Redefining '\footcitetexts'.
Package biblatex Info: Redefining '\smartcite'.
Package biblatex Info: Redefining '\smartcites'.
Package biblatex Info: Redefining '\textcite'.
Package biblatex Info: Redefining '\textcites'.
)
Package biblatex Info: Trying to load configuration file...
Package biblatex Info: ... file 'biblatex.cfg' found.
 (d:/texlive/2023/texmf-dist/tex/latex/biblatex/biblatex.cfg
File: biblatex.cfg 
)
Package biblatex Info: Input encoding 'utf8' detected.
Package biblatex Info: Document encoding is UTF8 ....
Package biblatex Info: ... and expl3
(biblatex)             2023-11-09 L3 programming layer (loader) 
(biblatex)             is new enough (at least 2020/04/06),
(biblatex)             setting 'casechanger=expl3'.
 (d:/texlive/2023/texmf-dist/tex/latex/biblatex/blx-case-expl3.sty (d:/texlive/2023/texmf-dist/tex/latex/l3packages/xparse/xparse.sty
Package: xparse 2023-10-10 L3 Experimental document command parser
)
Package: blx-case-expl3 2023/03/05 v3.19 expl3 case changing code for biblatex
)) (d:/texlive/2023/texmf-dist/tex/latex/hyperref/hyperref.sty
Package: hyperref 2023-11-09 v7.01f Hypertext links for LaTeX
 (d:/texlive/2023/texmf-dist/tex/generic/kvdefinekeys/kvdefinekeys.sty
Package: kvdefinekeys 2019-12-19 v1.6 Define keys (HO)
) (d:/texlive/2023/texmf-dist/tex/generic/pdfescape/pdfescape.sty
Package: pdfescape 2019/12/09 v1.15 Implements pdfTeX's escape features (HO)
) (d:/texlive/2023/texmf-dist/tex/latex/hycolor/hycolor.sty
Package: hycolor 2020-01-27 v1.10 Color options for hyperref/bookmark (HO)
) (d:/texlive/2023/texmf-dist/tex/latex/letltxmacro/letltxmacro.sty
Package: letltxmacro 2019/12/03 v1.6 Let assignment for LaTeX macros (HO)
) (d:/texlive/2023/texmf-dist/tex/latex/auxhook/auxhook.sty
Package: auxhook 2019-12-17 v1.6 Hooks for auxiliary files (HO)
) (d:/texlive/2023/texmf-dist/tex/latex/hyperref/nameref.sty
Package: nameref 2023-11-09 v2.55 Cross-referencing by name of section
 (d:/texlive/2023/texmf-dist/tex/latex/refcount/refcount.sty
Package: refcount 2019/12/15 v3.6 Data extraction from label references (HO)
) (d:/texlive/2023/texmf-dist/tex/generic/gettitlestring/gettitlestring.sty
Package: gettitlestring 2019/12/15 v1.6 Cleanup title references (HO)
)
\c@section@level=\count447
)
\@linkdim=\dimen184
\Hy@linkcounter=\count448
\Hy@pagecounter=\count449
 (d:/texlive/2023/texmf-dist/tex/latex/hyperref/pd1enc.def
File: pd1enc.def 2023-11-09 v7.01f Hyperref: PDFDocEncoding definition (HO)
Now handling font encoding PD1 ...
... no UTF-8 mapping file for font encoding PD1
) (d:/texlive/2023/texmf-dist/tex/generic/intcalc/intcalc.sty
Package: intcalc 2019/12/15 v1.3 Expandable calculations with integers (HO)
)
\Hy@SavedSpaceFactor=\count450
 (d:/texlive/2023/texmf-dist/tex/latex/hyperref/puenc.def
File: puenc.def 2023-11-09 v7.01f Hyperref: PDF Unicode definition (HO)
Now handling font encoding PU ...
... no UTF-8 mapping file for font encoding PU
)
Package hyperref Info: Option `unicode' set `true' on input line 4054.
Package hyperref Info: Hyper figures OFF on input line 4171.
Package hyperref Info: Link nesting OFF on input line 4176.
Package hyperref Info: Hyper index ON on input line 4179.
Package hyperref Info: Plain pages OFF on input line 4186.
Package hyperref Info: Backreferencing OFF on input line 4191.
Package hyperref Info: Implicit mode ON; LaTeX internals redefined.
Package hyperref Info: Bookmarks ON on input line 4438.
\c@Hy@tempcnt=\count451
LaTeX Info: Redefining \url on input line 4776.
\XeTeXLinkMargin=\dimen185
 (d:/texlive/2023/texmf-dist/tex/generic/bitset/bitset.sty
Package: bitset 2019/12/09 v1.3 Handle bit-vector datatype (HO)
 (d:/texlive/2023/texmf-dist/tex/generic/bigintcalc/bigintcalc.sty
Package: bigintcalc 2019/12/15 v1.5 Expandable calculations on big integers (HO)
))
\Fld@menulength=\count452
\Field@Width=\dimen186
\Fld@charsize=\dimen187
Package hyperref Info: Hyper figures OFF on input line 6055.
Package hyperref Info: Link nesting OFF on input line 6060.
Package hyperref Info: Hyper index ON on input line 6063.
Package hyperref Info: backreferencing OFF on input line 6070.
Package hyperref Info: Link coloring OFF on input line 6075.
Package hyperref Info: Link coloring with OCG OFF on input line 6080.
Package hyperref Info: PDF/A mode OFF on input line 6085.
 (d:/texlive/2023/texmf-dist/tex/latex/base/atbegshi-ltx.sty
Package: atbegshi-ltx 2021/01/10 v1.0c Emulation of the original atbegshi
package with kernel methods
)
\Hy@abspage=\count453
\c@Item=\count454
\c@Hfootnote=\count455
)
Package hyperref Info: Driver (autodetected): hpdftex.
 (d:/texlive/2023/texmf-dist/tex/latex/hyperref/hpdftex.def
File: hpdftex.def 2023-11-09 v7.01f Hyperref driver for pdfTeX
 (d:/texlive/2023/texmf-dist/tex/latex/base/atveryend-ltx.sty
Package: atveryend-ltx 2020/08/19 v1.0a Emulation of the original atveryend package
with kernel methods
)
\Fld@listcount=\count456
\c@bookmark@seq@number=\count457
 (d:/texlive/2023/texmf-dist/tex/latex/rerunfilecheck/rerunfilecheck.sty
Package: rerunfilecheck 2022-07-10 v1.10 Rerun checks for auxiliary files (HO)
 (d:/texlive/2023/texmf-dist/tex/generic/uniquecounter/uniquecounter.sty
Package: uniquecounter 2019/12/15 v1.4 Provide unlimited unique counter (HO)
)
Package uniquecounter Info: New unique counter `rerunfilecheck' on input line 285.
)
\Hy@SectionHShift=\skip86
)
Package hyperref Info: Option `unicode' set `true' on input line 31.
Package hyperref Info: Option `colorlinks' set `true' on input line 31.
 (d:/texlive/2023/texmf-dist/tex/latex/cjk/texinput/UTF8/UTF8.enc
File: UTF8.enc 2021/10/16 4.8.5
) (d:/texlive/2023/texmf-dist/tex/latex/cjk/texinput/UTF8/UTF8.chr
File: UTF8.chr 2021/10/16 4.8.5
)
Package csquotes Info: Checking for multilingual support...
Package csquotes Info: ... none found.
 (./main.aux)
Runaway argument?
{{6.8}{42}{YAML Â≠óÊÆµÂà∞ÂÆûÈ™åÁ 
g:/Autosave/VIV/SParse2Full/manuscript_gpt_review/latex/manuscript/main.tex:40: File ended while scanning use of \@newl@bel.
<inserted text> 
                \par 
l.40 \begin{document}
                     
I suspect you have forgotten a `}', causing me
to read past where you wanted me to stop.
I'll try to recover; but if the error is serious,
you'd better type `E' or `X' now and fix your file.

\openout1 = `main.aux'.

LaTeX Font Info:    Checking defaults for OML/cmm/m/it on input line 40.
LaTeX Font Info:    ... okay on input line 40.
LaTeX Font Info:    Checking defaults for OMS/cmsy/m/n on input line 40.
LaTeX Font Info:    ... okay on input line 40.
LaTeX Font Info:    Checking defaults for OT1/cmr/m/n on input line 40.
LaTeX Font Info:    ... okay on input line 40.
LaTeX Font Info:    Checking defaults for T1/cmr/m/n on input line 40.
LaTeX Font Info:    ... okay on input line 40.
LaTeX Font Info:    Checking defaults for TS1/cmr/m/n on input line 40.
LaTeX Font Info:    ... okay on input line 40.
LaTeX Font Info:    Checking defaults for OMX/cmex/m/n on input line 40.
LaTeX Font Info:    ... okay on input line 40.
LaTeX Font Info:    Checking defaults for U/cmr/m/n on input line 40.
LaTeX Font Info:    ... okay on input line 40.
LaTeX Font Info:    Checking defaults for C00/song/m/n on input line 40.
LaTeX Font Info:    ... okay on input line 40.
LaTeX Font Info:    Checking defaults for C05/song/m/n on input line 40.
LaTeX Font Info:    ... okay on input line 40.
LaTeX Font Info:    Checking defaults for C09/song/m/n on input line 40.
LaTeX Font Info:    ... okay on input line 40.
LaTeX Font Info:    Checking defaults for C10/song/m/n on input line 40.
LaTeX Font Info:    ... okay on input line 40.
LaTeX Font Info:    Checking defaults for C20/song/m/n on input line 40.
LaTeX Font Info:    ... okay on input line 40.
LaTeX Font Info:    Checking defaults for C19/song/m/n on input line 40.
LaTeX Font Info:    ... okay on input line 40.
LaTeX Font Info:    Checking defaults for C40/song/m/n on input line 40.
LaTeX Font Info:    ... okay on input line 40.
LaTeX Font Info:    Checking defaults for C42/song/m/n on input line 40.
LaTeX Font Info:    ... okay on input line 40.
LaTeX Font Info:    Checking defaults for C43/song/m/n on input line 40.
LaTeX Font Info:    ... okay on input line 40.
LaTeX Font Info:    Checking defaults for C50/song/m/n on input line 40.
LaTeX Font Info:    ... okay on input line 40.
LaTeX Font Info:    Checking defaults for C52/song/m/n on input line 40.
LaTeX Font Info:    ... okay on input line 40.
LaTeX Font Info:    Checking defaults for C49/song/m/n on input line 40.
LaTeX Font Info:    ... okay on input line 40.
LaTeX Font Info:    Checking defaults for C60/mj/m/n on input line 40.
LaTeX Font Info:    ... okay on input line 40.
LaTeX Font Info:    Checking defaults for C61/mj/m/n on input line 40.
LaTeX Font Info:    ... okay on input line 40.
LaTeX Font Info:    Checking defaults for C63/mj/m/n on input line 40.
LaTeX Font Info:    ... okay on input line 40.
LaTeX Font Info:    Checking defaults for C64/mj/m/n on input line 40.
LaTeX Font Info:    ... okay on input line 40.
LaTeX Font Info:    Checking defaults for C65/mj/m/n on input line 40.
LaTeX Font Info:    ... okay on input line 40.
LaTeX Font Info:    Checking defaults for C70/song/m/n on input line 40.
LaTeX Font Info:    ... okay on input line 40.
LaTeX Font Info:    Checking defaults for C31/song/m/n on input line 40.
LaTeX Font Info:    ... okay on input line 40.
LaTeX Font Info:    Checking defaults for C32/song/m/n on input line 40.
LaTeX Font Info:    ... okay on input line 40.
LaTeX Font Info:    Checking defaults for C33/song/m/n on input line 40.
LaTeX Font Info:    ... okay on input line 40.
LaTeX Font Info:    Checking defaults for C34/song/m/n on input line 40.
LaTeX Font Info:    ... okay on input line 40.
LaTeX Font Info:    Checking defaults for C35/song/m/n on input line 40.
LaTeX Font Info:    ... okay on input line 40.
LaTeX Font Info:    Checking defaults for C36/song/m/n on input line 40.
LaTeX Font Info:    ... okay on input line 40.
LaTeX Font Info:    Checking defaults for C37/song/m/n on input line 40.
LaTeX Font Info:    ... okay on input line 40.
LaTeX Font Info:    Checking defaults for C80/song/m/n on input line 40.
LaTeX Font Info:    ... okay on input line 40.
LaTeX Font Info:    Checking defaults for C81/song/m/n on input line 40.
LaTeX Font Info:    ... okay on input line 40.
LaTeX Font Info:    Checking defaults for C01/song/m/n on input line 40.
LaTeX Font Info:    ... okay on input line 40.
LaTeX Font Info:    Checking defaults for C11/song/m/n on input line 40.
LaTeX Font Info:    ... okay on input line 40.
LaTeX Font Info:    Checking defaults for C21/song/m/n on input line 40.
LaTeX Font Info:    ... okay on input line 40.
LaTeX Font Info:    Checking defaults for C41/song/m/n on input line 40.
LaTeX Font Info:    ... okay on input line 40.
LaTeX Font Info:    Checking defaults for C62/song/m/n on input line 40.
LaTeX Font Info:    ... okay on input line 40.
LaTeX Font Info:    Checking defaults for PD1/pdf/m/n on input line 40.
LaTeX Font Info:    ... okay on input line 40.
LaTeX Font Info:    Checking defaults for PU/pdf/m/n on input line 40.
LaTeX Font Info:    ... okay on input line 40.
*geometry* driver: auto-detecting
*geometry* detected driver: pdftex
*geometry* verbose mode - [ preamble ] result:
* driver: pdftex
* paper: a4paper
* layout: <same size as paper>
* layoutoffset:(h,v)=(0.0pt,0.0pt)
* modes: twoside 
* h-part:(L,W,R)=(71.13188pt, 455.24411pt, 71.13188pt)
* v-part:(T,H,B)=(71.13188pt, 702.78308pt, 71.13188pt)
* \paperwidth=597.50787pt
* \paperheight=845.04684pt
* \textwidth=455.24411pt
* \textheight=702.78308pt
* \oddsidemargin=-1.1381pt
* \evensidemargin=-1.1381pt
* \topmargin=-33.0119pt
* \headheight=12.0pt
* \headsep=19.8738pt
* \topskip=12.0pt
* \footskip=30.0pt
* \marginparwidth=98.0pt
* \marginparsep=7.0pt
* \columnsep=10.0pt
* \skip\footins=10.8pt plus 4.0pt minus 2.0pt
* \hoffset=0.0pt
* \voffset=0.0pt
* \mag=1000
* \@twocolumnfalse
* \@twosidetrue
* \@mparswitchtrue
* \@reversemarginfalse
* (1in=72.27pt=25.4mm, 1cm=28.453pt)

(d:/texlive/2023/texmf-dist/tex/context/base/mkii/supp-pdf.mkii
[Loading MPS to PDF converter (version 2006.09.02).]
\scratchcounter=\count458
\scratchdimen=\dimen188
\scratchbox=\box61
\nofMPsegments=\count459
\nofMParguments=\count460
\everyMPshowfont=\toks39
\MPscratchCnt=\count461
\MPscratchDim=\dimen189
\MPnumerator=\count462
\makeMPintoPDFobject=\count463
\everyMPtoPDFconversion=\toks40
) (d:/texlive/2023/texmf-dist/tex/latex/epstopdf-pkg/epstopdf-base.sty
Package: epstopdf-base 2020-01-24 v2.11 Base part for package epstopdf
Package epstopdf-base Info: Redefining graphics rule for `.eps' on input line 485.
 (d:/texlive/2023/texmf-dist/tex/latex/latexconfig/epstopdf-sys.cfg
File: epstopdf-sys.cfg 2010/07/13 v1.3 Configuration of (r)epstopdf for TeX Live
))
Package biblatex Info: Trying to load language 'english' -> 'english-apa'...
Package biblatex Info: ... file 'english-apa.lbx' found.
 (d:/texlive/2023/texmf-dist/tex/latex/biblatex-apa/english-apa.lbx
File: english-apa.lbx 2023/03/20 v9.17 APA biblatex localisation
Package biblatex Info: Trying to load language 'english'...
Package biblatex Info: ... file 'english.lbx' found.
 (d:/texlive/2023/texmf-dist/tex/latex/biblatex/lbx/english.lbx
File: english.lbx 2023/03/05 v3.19 biblatex localization (PK/MW)
)
Package biblatex Info: Trying to load language 'american' -> 'american-apa'...
Package biblatex Info: ... file 'american-apa.lbx' found.
 (d:/texlive/2023/texmf-dist/tex/latex/biblatex-apa/american-apa.lbx
File: american-apa.lbx 2023/03/20 v9.17 APA biblatex localisation
Package biblatex Info: Trying to load language 'american'...
Package biblatex Info: ... file 'american.lbx' found.
 (d:/texlive/2023/texmf-dist/tex/latex/biblatex/lbx/american.lbx
File: american.lbx 2023/03/05 v3.19 biblatex localization (PK/MW)
Package biblatex Info: Trying to load language 'english'...
Package biblatex Info: ... file 'english.lbx' found.
 (d:/texlive/2023/texmf-dist/tex/latex/biblatex/lbx/english.lbx
File: english.lbx 2023/03/05 v3.19 biblatex localization (PK/MW)
))))
Package biblatex Info: Input encoding 'utf8' detected.
Package biblatex Info: Automatic encoding selection.
(biblatex)             Assuming data encoding 'utf8'.
\openout3 = `main.bcf'.

Package biblatex Info: Trying to load bibliographic data...
Package biblatex Info: ... file 'main.bbl' found.
 (./main.bbl)
Package biblatex Info: Reference section=0 on input line 40.
Package biblatex Info: Reference segment=0 on input line 40.
 (d:/texlive/2023/texmf-dist/tex/latex/graphics/color.sty
Package: color 2022/01/06 v1.3d Standard LaTeX Color (DPC)
 (d:/texlive/2023/texmf-dist/tex/latex/graphics-cfg/color.cfg
File: color.cfg 2016/01/02 v1.6 sample color configuration
)
Package color Info: Driver file: pdftex.def on input line 149.
 (d:/texlive/2023/texmf-dist/tex/latex/graphics/mathcolor.ltx))
Package hyperref Info: Link coloring ON on input line 40.
 (./main.out)
Runaway argument?
{c 
g:/Autosave/VIV/SParse2Full/manuscript_gpt_review/latex/manuscript/main.tex:40: File ended while scanning use of \@@BOOKMARK.
<inserted text> 
                \par 
l.40 \begin{document}
                     
I suspect you have forgotten a `}', causing me
to read past where you wanted me to stop.
I'll try to recover; but if the error is serious,
you'd better type `E' or `X' now and fix your file.

(./main.out)
Runaway argument?
{c 
g:/Autosave/VIV/SParse2Full/manuscript_gpt_review/latex/manuscript/main.tex:40: File ended while scanning use of \@@BOOKMARK.
<inserted text> 
                \par 
l.40 \begin{document}
                     
I suspect you have forgotten a `}', causing me
to read past where you wanted me to stop.
I'll try to recover; but if the error is serious,
you'd better type `E' or `X' now and fix your file.

\@outlinefile=\write4
\openout4 = `main.out'.

LaTeX Font Info:    Trying to load font information for C70+rm on input line 41.
(d:/texlive/2023/texmf-dist/tex/latex/ctex/fd/c70rm.fd
File: c70rm.fd 2022/07/14 v2.5.10 Chinese font definition (CTEX)
) (./main.toc)
\tf@toc=\write5
\openout5 = `main.toc'.

 (d:/texlive/2023/texmf-dist/tex/generic/ctex/zhmap/ctex-zhmap-windows.tex
File: ctex-zhmap-windows.tex 2022/07/14 v2.5.10 Windows font map loader for pdfTeX and DVIPDFMx (CTEX)
{d:/texlive/2023/texmf-var/fonts/map/pdftex/updmap/pdftex.map}{UGBK.sfd}{Unicode.sfd}) [1


] [2

]
Á¨¨‰∏ÄÁ´†
(./chapters/chap01_intro.tex
Package CJKpunct Info: use punctuation spaces for family 'rm' with punctstyle (quanjiao) on input line 5.
LaTeX Font Info:    Trying to load font information for U+msa on input line 6.
 (d:/texlive/2023/texmf-dist/tex/latex/amsfonts/umsa.fd
File: umsa.fd 2013/01/14 v3.01 AMS symbols A
)
LaTeX Font Info:    Trying to load font information for U+msb on input line 6.
 (d:/texlive/2023/texmf-dist/tex/latex/amsfonts/umsb.fd
File: umsb.fd 2013/01/14 v3.01 AMS symbols B
)

LaTeX Warning: Citation 'raissi2019pinn' on page 3 undefined on input line 15.


LaTeX Warning: Citation 'li2021fno' on page 3 undefined on input line 16.


LaTeX Warning: Citation 'lu2021deeponet' on page 3 undefined on input line 16.


LaTeX Warning: Citation 'deryck2024acta_numerica' on page 3 undefined on input line 17.

[3{d:/texlive/2023/texmf-dist/fonts/enc/dvips/cm-super/cm-super-ts1.enc}] [4]

LaTeX Warning: Citation 'opencv_resize' on page 5 undefined on input line 65.


LaTeX Warning: Citation 'opencv_gaussianblur' on page 5 undefined on input line 75.


LaTeX Warning: Citation 'bartolucci2023reno' on page 5 undefined on input line 75.


LaTeX Warning: Citation 'raissi2019pinn' on page 5 undefined on input line 97.


Overfull \hbox (30.45192pt too wide) in paragraph at lines 97--98
\C70/rm/m/n/12.045/4e : \C70/rm/m/n/12.045/5f : \C70/rm/m/n/12.045/51 H \C70/rm/m/n/12.045/9a å|\C70/rm/m/n/12.045/30 ^^B| \OT1/cmr/m/n/12.045 Raissi \C70/rm/m/n/12.045/7b I \C70/rm/m/n/12.045/57 ( \OT1/cmr/m/n/12.045 JCP \C70/rm/m/n/12.045/8b ∫ \C70/rm/m/n/12.045/65 á \C70/rm/m/n/12.045/7c ˚ \C70/rm/m/n/12.045/7e ﬂ \C70/rm/m/n/12.045/96 ^^P \C70/rm/m/n/12.045/8f  \C70/rm/m/n/12.045/4e Ü \OT1/cmr/m/n/12.045 PINN \C70/rm/m/n/12.045/76 Ñ \C70/rm/m/n/12.045/57 ˙ \C70/rm/m/n/12.045/67 , \C70/rm/m/n/12.045/68 F \C70/rm/m/n/12.045/67 ∂ \C70/rm/m/n/12.045/4e ^^N \C70/rm/m/n/12.045/51 x \C70/rm/m/n/12.045/57 ã \C70/rm/m/n/12.045/75 ( \C70/rm/m/n/12.045/6c ’ \OT1/cmr/m/n/12.045 ([])|\C70/rm/m/n/12.045/30 ^^B|
 []

[5]

LaTeX Warning: Citation 'li2021fno' on page 6 undefined on input line 101.


LaTeX Warning: Citation 'lu2021deeponet' on page 6 undefined on input line 101.


LaTeX Warning: Citation 'kovachki2023neural_operator' on page 6 undefined on input line 103.


LaTeX Warning: Citation 'bartolucci2023reno' on page 6 undefined on input line 103.


LaTeX Warning: Citation 'deryck2024acta_numerica' on page 6 undefined on input line 108.

[6]
Overfull \hbox (0.50064pt too wide) in paragraph at lines 127--128
[]\C70/rm/bx/n/12.045/7b ó \C70/rm/bx/n/12.045/6c ’ \C70/rm/bx/n/12.045/67 Ñ \C70/rm/bx/n/12.045/5e ˙|\C70/rm/m/n/12.045/ff ^^Z| \C70/rm/m/n/12.045/57 ( \C70/rm/m/n/12.045/7e ﬂ \C70/rm/m/n/12.045/4e ^^@ \C70/rm/m/n/12.045/6a ! \C70/rm/m/n/12.045/57 ã \C70/rm/m/n/12.045/63 • \C70/rm/m/n/12.045/53 „ \C70/rm/m/n/12.045/4e  \C70/rm/m/n/12.045/5b û \C70/rm/m/n/12.045/73 ∞ \C70/rm/m/n/12.045/82 Â \C70/rm/m/n/12.045/5e r \C70/rm/m/n/12.045/57 ˙ \C70/rm/m/n/12.045/7e ø \C70/rm/m/n/12.045/4e ^^N \C70/rm/m/n/12.045/65 9 \C70/rm/m/n/12.045/8f € \C70/rm/m/n/12.045/65 π \C70/rm/m/n/12.045/6c ’|\C70/rm/m/n/12.045/ff ^^L| \C70/rm/m/n/12.045/5e v \C70/rm/m/n/12.045/4f › \C70/rm/m/n/12.045/63 ^^A \C70/rm/m/n/12.045/8f ì \C70/rm/m/n/12.045/51 e \C70/rm/m/n/12.045/62 S \C70/rm/m/n/12.045/53 ^^E |\C70/rm/m/n/12.045/ff ^^H|$\OT1/cmr/m/n/12.045 mask /
 []

[7] [8]

LaTeX Warning: Citation 'opencv_resize' on page 9 undefined on input line 223.


Underfull \hbox (badness 10000) in paragraph at lines 223--223
[]|\C70/rm/m/n/12.045/4e  \C70/rm/m/n/12.045/91 « \C70/rm/m/n/12.045/68 7 \C70/rm/m/n/12.045/52 M \C70/rm/m/n/12.045/4f N \C70/rm/m/n/12.045/90 ^^Z \C70/rm/m/n/12.045/98 Ñ \C70/rm/m/n/12.045/6e ‰ \C70/rm/m/n/12.045/96 M \C70/rm/m/n/12.045/4f N \C70/rm/m/n/12.045/6d ˜ \C70/rm/m/n/12.045/53 ‡ \C70/rm/m/n/12.045/98 Œ \C70/rm/m/n/12.045/96 i|\C70/rm/m/n/12.045/ff ^^[| \C70/rm/m/n/12.045/7f ) \C70/rm/m/n/12.045/5c ^^O \C70/rm/m/n/12.045/65 ˆ \C70/rm/m/n/12.045/5e 8 \C70/rm/m/n/12.045/75 ( \OT1/cmtt/m/n/12.045 INTER[]AREA
 []

) [9] [10

]
Á¨¨‰∫åÁ´†
(./chapters/chap02_related.tex

LaTeX Warning: Citation 'raissi2019pinn' on page 11 undefined on input line 10.


LaTeX Warning: Citation 'kovachki2023neural_operator' on page 11 undefined on input line 11.


LaTeX Warning: Citation 'raissi2019pinn' on page 11 undefined on input line 29.

[11]

LaTeX Warning: Citation 'wang2022pinn_ntk' on page 12 undefined on input line 38.


LaTeX Warning: Citation 'kovachki2023neural_operator' on page 12 undefined on input line 47.


Overfull \hbox (99.41135pt too wide) in paragraph at lines 46--48
\C70/rm/m/n/12.045/68 F \C70/rm/m/n/12.045/67 ∂|\C70/rm/m/n/12.045/ff ^^L| \C70/rm/m/n/12.045/5e v \C70/rm/m/n/12.045/5f : \C70/rm/m/n/12.045/8c ^^C \C70/rm/m/n/12.045/51 v \C70/rm/m/n/12.045/79 ª \C70/rm/m/n/12.045/65 c \C70/rm/m/n/12.045/53 ^^V \C70/rm/m/n/12.045/4e ^^M \C70/rm/m/n/12.045/53 ÿ |\C70/rm/m/n/12.045/ff ^^H|\OT1/cmr/m/n/12.045 discretization-invariant|\C70/rm/m/n/12.045/ff 	| \C70/rm/m/n/12.045/5e ˙ \C70/rm/m/n/12.045/6a ! \C70/rm/m/n/12.045/52 ® \C70/rm/m/n/12.045/67 : \C70/rm/m/n/12.045/4e ^^N \C70/rm/m/n/12.045/5f b ^^O \C70/rm/m/n/12.045/53 ^^V[]|\C70/rm/m/n/12.045/30 ^^B|
 []


Underfull \hbox (badness 10000) in paragraph at lines 46--48

 []


LaTeX Warning: Citation 'li2021fno' on page 12 undefined on input line 56.


LaTeX Warning: Citation 'lu2021deeponet' on page 12 undefined on input line 61.


Overfull \hbox (65.14893pt too wide) in paragraph at lines 61--62
\C70/rm/m/n/12.045/54 ^^H \C70/rm/m/n/12.045/59 ^^D \C70/rm/m/n/12.045/74 ^^F \C70/rm/m/n/12.045/4e ^^M \C70/rm/m/n/12.045/89 ƒ \C70/rm/m/n/12.045/52 ^^Y \C70/rm/m/n/12.045/91 « \C70/rm/m/n/12.045/68 7 \C70/rm/m/n/12.045/4e ^^N \C70/rm/m/n/12.045/51 ˝ \C70/rm/m/n/12.045/65 p \C70/rm/m/n/12.045/8f ì \C70/rm/m/n/12.045/51 e|\C70/rm/m/n/12.045/30 ^^B| \C70/rm/m/n/12.045/51 v \C70/rm/m/n/12.045/4e „ \C70/rm/m/n/12.045/88 h \C70/rm/m/n/12.045/60 ' \C70/rm/m/n/12.045/8b ∫ \C70/rm/m/n/12.045/65 á \C70/rm/m/n/12.045/53 — \C70/rm/m/n/12.045/88 h \C70/rm/m/n/12.045/4e é \OT1/cmr/m/it/12.045 Na-ture Ma-chine In-tel-li-gence[]|\C70/rm/m/n/12.045/30 ^^B|
 []


Underfull \hbox (badness 10000) in paragraph at lines 61--62

 []


LaTeX Warning: Citation 'lu2021deeponet' on page 12 undefined on input line 63.

[12]
Package CJKpunct Info: use punctuation spaces for family 'zhkai' with punctstyle (quanjiao) on input line 76.


LaTeX Warning: Citation 'opencv_resize' on page 13 undefined on input line 83.


LaTeX Warning: Citation 'opencv_gaussianblur' on page 13 undefined on input line 83.


Overfull \hbox (32.97878pt too wide) in paragraph at lines 83--84
\OT1/cmr/m/n/12.045 OpenCV \C70/rm/m/n/12.045/5b ò \C70/rm/m/n/12.045/65 π Y \C70/rm/m/n/12.045/7a  \C70/rm/m/n/12.045/7e Ÿ \C70/rm/m/n/12.045/51 ˙ v \C70/rm/m/n/12.045/63 • \C70/rm/m/n/12.045/53 „ \C70/rm/m/n/12.045/4e ^^N \C70/rm/m/n/12.045/53 ¬ \C70/rm/m/n/12.045/65 p \C70/rm/m/n/12.045/8b Ì \C70/rm/m/n/12.045/4e I |\C70/rm/m/n/12.045/ff ^^H|\C70/rm/m/n/12.045/68 8 \C70/rm/m/n/12.045/59 ' \C70/rm/m/n/12.045/5c ^^O|\C70/rm/m/n/12.045/30 ^^A| $\OML/cmm/m/it/12.045 ^^[$|\C70/rm/m/n/12.045/30 ^^A| \C70/rm/m/n/12.045/8f π \C70/rm/m/n/12.045/75 L \C70/rm/m/n/12.045/59 ^^D \C70/rm/m/n/12.045/74 ^^F \C70/rm/m/n/12.045/7b I|\C70/rm/m/n/12.045/ff 	| []|\C70/rm/m/n/12.045/30 ^^B|
 []


Underfull \hbox (badness 10000) in paragraph at lines 83--84

 []


LaTeX Warning: Citation 'opencv_gaussianblur' on page 13 undefined on input line 87.


Overfull \hbox (12.39632pt too wide) in paragraph at lines 87--88
[]\C70/rm/m/n/12.045/4f N \C70/rm/m/n/12.045/90 ^^Z \C70/rm/m/n/12.045/98 Ñ \C70/rm/m/n/12.045/6e ‰|\C70/rm/m/n/12.045/ff ^^Z| \OT1/cmtt/m/n/12.045 GaussianBlur |\C70/rm/m/n/12.045/ff ^^H|\C70/rm/m/n/12.045/63 ß \C70/rm/m/n/12.045/52 6 $\OML/cmm/m/it/12.045 ^^[$|\C70/rm/m/n/12.045/30 ^^A| \OT1/cmr/m/n/12.045 kernel size \C70/rm/m/n/12.045/4e ^^N \C70/rm/m/n/12.045/8f π \C70/rm/m/n/12.045/75 L \C70/rm/m/n/12.045/59 ^^D \C70/rm/m/n/12.045/74 ^^F|\C70/rm/m/n/12.045/ff 	| []|^^[|
 []


Underfull \hbox (badness 10000) in paragraph at lines 87--88

 []


LaTeX Warning: Citation 'opencv_resize' on page 13 undefined on input line 88.

[13]

LaTeX Warning: Citation 'takamoto2022pdebench' on page 14 undefined on input line 96.


LaTeX Warning: Citation 'takamoto2022pdebench' on page 14 undefined on input line 96.


LaTeX Warning: Citation 'liu2025diminishing_spectral_bias' on page 14 undefined on input line 112.


Overfull \hbox (79.81012pt too wide) in paragraph at lines 112--113
\C70/rm/m/n/12.045/59 Ç \C70/rm/m/n/12.045/90 ^^Z \C70/rm/m/n/12.045/8f « |\C70/rm/m/n/12.045/ff ^^H|\C70/rm/m/n/12.045/7a z \C70/rm/m/n/12.045/95 Ù|\C70/rm/m/n/12.045/ff 	| \C70/rm/m/n/12.045/81 Í \C70/rm/m/n/12.045/90 ^^B \C70/rm/m/n/12.045/5e î \OT1/cmr/m/n/12.045 Fourier \C70/rm/m/n/12.045/72 y \C70/rm/m/n/12.045/5f Å \C70/rm/m/n/12.045/7f ^^V \C70/rm/m/n/12.045/78 ^^A \C70/rm/m/n/12.045/52 J \C70/rm/m/n/12.045/5f 1 \C70/rm/m/n/12.045/50 O \C70/rm/m/n/12.045/7f n \C70/rm/m/n/12.045/5e v \C70/rm/m/n/12.045/65 9 \C70/rm/m/n/12.045/55 Ñ \C70/rm/m/n/12.045/9a ÿ \C70/rm/m/n/12.045/98 ë \C70/rm/m/n/12.045/5b f \C70/rm/m/n/12.045/4e `[]|\C70/rm/m/n/12.045/30 ^^B|
 []


Underfull \hbox (badness 10000) in paragraph at lines 112--113

 []


LaTeX Warning: Citation 'liu2025diminishing_spectral_bias' on page 14 undefined on input line 114.


Overfull \hbox (28.07986pt too wide) in paragraph at lines 114--115
\C70/rm/m/n/12.045/65 π \C70/rm/m/n/12.045/5f ^^O \C70/rm/m/n/12.045/4e ^^N \C70/rm/m/n/12.045/63 _ \C70/rm/m/n/12.045/59 1 \C70/rm/m/n/12.045/8b æ ° \C70/rm/m/n/12.045/51 q \C70/rm/m/n/12.045/54 ^^L \C70/rm/m/n/12.045/51 ≥ \C70/rm/m/n/12.045/5b ö \C70/rm/m/n/12.045/98 ë \C70/rm/m/n/12.045/6b µ \C70/rm/m/n/12.045/5b f \C70/rm/m/n/12.045/4e ` \C70/rm/m/n/12.045/76 Ñ \C70/rm/m/n/12.045/51 H \C70/rm/m/n/12.045/54 ^^N \C70/rm/m/n/12.045/98 z \C70/rm/m/n/12.045/5e è \C70/rm/m/n/12.045/4e ^^N \C70/rm/m/n/12.045/7a 3 \C70/rm/m/n/12.045/5b ö \C70/rm/m/n/12.045/60 '[]|\C70/rm/m/n/12.045/30 ^^B|
 []


Underfull \hbox (badness 10000) in paragraph at lines 114--115

 []


LaTeX Warning: Citation 'wang2022causality_pinn' on page 14 undefined on input line 127.


Overfull \hbox (6.02478pt too wide) in paragraph at lines 127--128
[]\C70/rm/m/n/12.045/65 ˆ \C70/rm/m/n/12.045/95 Ù \C70/rm/m/n/12.045/7e Ù \C70/rm/m/n/12.045/5e ¶ ˙ \C70/rm/m/n/12.045/6a ! \C70/rm/m/n/12.045/5e 8 \C70/rm/m/n/12.045/97 b \C70/rm/m/n/12.045/4e 4 \C70/rm/m/n/12.045/6e ⁄ \C70/rm/m/n/12.045/52 ® \C70/rm/m/n/12.045/8b Ô \C70/rm/m/n/12.045/5d Ó \C70/rm/m/n/12.045/7d / \C70/rm/m/n/12.045/79 Ô \C70/rm/m/n/12.045/4e ^^N \C70/rm/m/n/12.045/7a 3 \C70/rm/m/n/12.045/5b ö \C70/rm/m/n/12.045/60 ' \C70/rm/m/n/12.045/95 Ó \C70/rm/m/n/12.045/98 ò|\C70/rm/m/n/12.045/30 ^^B| \OT1/cmr/m/n/12.045 Wang \C70/rm/m/n/12.045/7b I \C70/rm/m/n/12.045/63 – \C70/rm/m/n/12.045/51 ˙ |\C70/rm/m/n/12.045/20 ^^\|\OT1/cmr/m/n/12.045 Respecting causal-
 []

[14]

LaTeX Warning: Citation 'kovachki2023neural_operator' on page 15 undefined on input line 146.


LaTeX Warning: Citation 'bartolucci2023reno' on page 15 undefined on input line 148.


LaTeX Warning: Citation 'bartolucci2023reno' on page 15 undefined on input line 156.


LaTeX Warning: Citation 'takamoto2022pdebench' on page 15 undefined on input line 161.


LaTeX Warning: Citation 'takamoto2022pdebench' on page 15 undefined on input line 161.

[15]

LaTeX Warning: Citation 'cohen1988power' on page 16 undefined on input line 183.


LaTeX Warning: Citation 'li2021fno' on page 16 undefined on input line 190.


LaTeX Warning: Citation 'raissi2019pinn' on page 16 undefined on input line 198.


LaTeX Warning: Citation 'li2021fno' on page 16 undefined on input line 198.


LaTeX Warning: Citation 'lu2021deeponet' on page 16 undefined on input line 198.

[16]

LaTeX Warning: Citation 'wang2022pinn_ntk' on page 17 undefined on input line 199.


LaTeX Warning: Citation 'wang2022causality_pinn' on page 17 undefined on input line 199.


LaTeX Warning: Citation 'liu2025diminishing_spectral_bias' on page 17 undefined on input line 199.


Overfull \hbox (26.7772pt too wide) in paragraph at lines 199--200
\C70/rm/m/n/12.045/60 ' \C70/rm/m/n/12.045/7e ¶ \C70/rm/m/n/12.045/67 _[]|\C70/rm/m/n/12.045/ff ^^L| \C70/rm/m/n/12.045/98 ë \C70/rm/m/n/12.045/8c 1 \C70/rm/m/n/12.045/50 O \C70/rm/m/n/12.045/7f n ^^S \C70/rm/m/n/12.045/89 „[]|\C70/rm/m/n/12.045/30 ^^B|
 []


Underfull \hbox (badness 10000) in paragraph at lines 199--200

 []


LaTeX Warning: Citation 'takamoto2022pdebench' on page 17 undefined on input line 200.


Overfull \hbox (10.87569pt too wide) in paragraph at lines 200--201
[]\C70/rm/bx/n/12.045/57 ˙ \C70/rm/bx/n/12.045/51 ∆ |\C70/rm/bx/n/12.045/ff ^^H|\OT1/cmr/bx/n/12.045 Benchmark|\C70/rm/bx/n/12.045/ff 	||^^Z| \OT1/cmr/m/n/12.045 PDEBench |\C70/rm/m/n/12.045/ff ^^H|\C70/rm/m/n/12.045/65 p \C70/rm/m/n/12.045/63 n|\C70/rm/m/n/12.045/30 ^^A| \C70/rm/m/n/12.045/53 O \C70/rm/m/n/12.045/8b Æ|\C70/rm/m/n/12.045/30 ^^A| \C70/rm/m/n/12.045/57 ˙ \C70/rm/m/n/12.045/7e ø|\C70/rm/m/n/12.045/ff 	| []|\C70/rm/m/n/12.045/30 ^^B|
 []


Underfull \hbox (badness 10000) in paragraph at lines 200--201

 []


LaTeX Warning: Citation 'bartolucci2023reno' on page 17 undefined on input line 201.


Underfull \hbox (badness 10000) in paragraph at lines 252--252
[]|\C70/rm/m/n/12.045/72 i \C70/rm/m/n/12.045/74 ^^F \C70/rm/m/n/12.045/7e ¶ \C70/rm/m/n/12.045/67 _
 []


Underfull \hbox (badness 2005) in paragraph at lines 252--252
[]|\C70/rm/m/n/12.045/4e ^^N \C70/rm/m/n/12.045/67 , \C70/rm/m/n/12.045/65 á \C70/rm/m/n/12.045/51 s \C70/rm/m/n/12.045/6c Ë \C70/rm/m/n/12.045/70 π \C70/rm/m/n/12.045/76 Ñ \C70/rm/m/n/12.045/63 •
 []


Underfull \hbox (badness 10000) in paragraph at lines 252--252
[]|\C70/rm/m/n/12.045/72 i \C70/rm/m/n/12.045/74 ^^F \C70/rm/m/n/12.045/7e ¶ \C70/rm/m/n/12.045/67 _ \C70/rm/m/n/12.045/5b f
 []


LaTeX Warning: Citation 'raissi2019pinn' on page 17 undefined on input line 252.


Overfull \hbox (22.70226pt too wide) in paragraph at lines 252--252
[]|\OT1/cmr/m/n/12.045 PINN[]| 
 []


LaTeX Warning: Citation 'wang2022pinn_ntk' on page 17 undefined on input line 252.


Underfull \hbox (badness 10000) in paragraph at lines 252--252
[]|\C70/rm/m/n/12.045/8b ≠ \C70/rm/m/n/12.045/7e √ \C70/rm/m/n/12.045/4e ^^M \C70/rm/m/n/12.045/7a 3
 []


Underfull \hbox (badness 10000) in paragraph at lines 252--252
\C70/rm/m/n/12.045/5b ö\OT1/cmr/m/n/12.045 /\C70/rm/m/n/12.045/59 ^^Z \C70/rm/m/n/12.045/5c : \C70/rm/m/n/12.045/5e ¶ \C70/rm/m/n/12.045/56 
 []


Overfull \hbox (22.39323pt too wide) in paragraph at lines 252--252
\C70/rm/m/n/12.045/96 æ[]| 
 []


LaTeX Warning: Citation 'wang2022causality_pinn' on page 17 undefined on input line 252.


Underfull \hbox (badness 10000) in paragraph at lines 252--252
[]|\C70/rm/m/n/12.045/89 ¬ \C70/rm/m/n/12.045/6d K \C70/rm/m/n/12.045/4e ^^@ \C70/rm/m/n/12.045/81 Ù \C70/rm/m/n/12.045/60 ' \C70/rm/m/n/12.045/63 _
 []


Underfull \hbox (badness 10000) in paragraph at lines 252--252
\C70/rm/m/n/12.045/59 1|\C70/rm/m/n/12.045/30 ^^A| \C70/rm/m/n/12.045/56 ‡ \C70/rm/m/n/12.045/67 ú\OT1/cmr/m/n/12.045 /\C70/rm/m/n/12.045/91 « \C70/rm/m/n/12.045/68 7 \C70/rm/m/n/12.045/7b V
 []


Overfull \hbox (43.08163pt too wide) in paragraph at lines 252--252
\C70/rm/m/n/12.045/75 e[]| 
 []


LaTeX Warning: Citation 'li2021fno' on page 17 undefined on input line 252.


Underfull \hbox (badness 2662) in paragraph at lines 252--252
[]|\OT1/cmr/m/n/12.045 Neural Op-er-a-tor
 []


LaTeX Warning: Citation 'kovachki2023neural_operator' on page 17 undefined on input line 252.


Underfull \hbox (badness 10000) in paragraph at lines 252--252
[]|\C70/rm/m/n/12.045/5f : \C70/rm/m/n/12.045/8c ^^C \C70/rm/m/n/12.045/79 ª \C70/rm/m/n/12.045/65 c
 []


Underfull \hbox (badness 10000) in paragraph at lines 252--252
\C70/rm/m/n/12.045/53 ^^V \C70/rm/m/n/12.045/4e ^^M \C70/rm/m/n/12.045/53 ÿ \C70/rm/m/n/12.045/52 ®
 []


Overfull \hbox (89.80028pt too wide) in paragraph at lines 252--252
\C70/rm/m/n/12.045/67 :[]| 
 []


Underfull \hbox (badness 10000) in paragraph at lines 252--252
[]|\C70/rm/m/n/12.045/5f : |\C70/rm/m/n/12.045/ff ^^H|\C70/rm/m/n/12.045/5b f \C70/rm/m/n/12.045/4e ` \C70/rm/m/n/12.045/51 ˝
 []


LaTeX Warning: Citation 'lu2021deeponet' on page 17 undefined on input line 252.


Overfull \hbox (54.78429pt too wide) in paragraph at lines 252--252
[]|\OT1/cmr/m/n/12.045 DeepONet[]| 
 []


Underfull \hbox (badness 10000) in paragraph at lines 252--252
[]|\C70/rm/m/n/12.045/8b ≠ \C70/rm/m/n/12.045/7e √ \C70/rm/m/n/12.045/62 ^^P \C70/rm/m/n/12.045/67 , \C70/rm/m/n/12.045/4e ^^N \C70/rm/m/n/12.045/88 h
 []


Underfull \hbox (badness 1968) in paragraph at lines 252--252
[]|\C70/rm/m/n/12.045/52 + \C70/rm/m/n/12.045/54 ^^M \C70/rm/m/n/12.045/65 ‡ \C70/rm/m/n/12.045/51 s\OT1/cmr/m/n/12.045 /\C70/rm/m/n/12.045/7b I
 []


LaTeX Warning: Citation 'bartolucci2023reno' on page 17 undefined on input line 252.


Overfull \hbox (52.80492pt too wide) in paragraph at lines 252--252
[]|\OT1/cmr/m/n/12.045 ReNO[]| 
 []


Underfull \hbox (badness 10000) in paragraph at lines 252--252
[]|\C70/rm/m/n/12.045/4e ^^N ; \C70/rm/m/n/12.045/5e r \C70/rm/m/n/12.045/65 π
 []


Underfull \hbox (badness 2005) in paragraph at lines 252--252
[]|\C70/rm/m/n/12.045/8d Ë \C70/rm/m/n/12.045/52 ^^F \C70/rm/m/n/12.045/8f ® \C70/rm/m/n/12.045/73 á \C70/rm/m/n/12.045/65 O \C70/rm/m/n/12.045/61 ^^_ \C70/rm/m/n/12.045/60 ' \C70/rm/m/n/12.045/52 ^^F
 []

[17]

LaTeX Warning: Citation 'kovachki2023neural_operator' on page 18 undefined on input line 266.


LaTeX Warning: Citation 'raissi2019pinn' on page 18 undefined on input line 274.


LaTeX Warning: Citation 'kovachki2023neural_operator' on page 18 undefined on input line 274.


LaTeX Warning: Citation 'opencv_resize' on page 18 undefined on input line 275.


Overfull \hbox (11.97258pt too wide) in paragraph at lines 275--276
\C70/rm/m/n/12.045/73 ∞ \C70/rm/m/n/12.045/76 Ñ \C70/rm/m/n/12.045/5d Â \C70/rm/m/n/12.045/51 w \C70/rm/m/n/12.045/94 ˛ \C70/rm/m/n/12.045/4f ù \C70/rm/m/n/12.045/63 n |\C70/rm/m/n/12.045/ff ^^H|\C70/rm/m/n/12.045/4f ã \C70/rm/m/n/12.045/59 Ç \OT1/cmr/m/n/12.045 OpenCV \C70/rm/m/n/12.045/4e - \OT1/cmtt/m/n/12.045 INTER[]AREA \C70/rm/m/n/12.045/5e 8 \C70/rm/m/n/12.045/75 ( \C70/rm/m/n/12.045/4e é \C70/rm/m/n/12.045/7f ) \C70/rm/m/n/12.045/5c ^^O \C70/rm/m/n/12.045/52 ^^F \C70/rm/m/n/12.045/8f ® \C70/rm/m/n/12.045/73 á|\C70/rm/m/n/12.045/ff 	| []|^^[|
 []


Underfull \hbox (badness 10000) in paragraph at lines 275--276

 []


LaTeX Warning: Citation 'bartolucci2023reno' on page 18 undefined on input line 276.


LaTeX Warning: Citation 'liu2025diminishing_spectral_bias' on page 18 undefined on input line 277.


LaTeX Warning: Citation 'wang2022causality_pinn' on page 18 undefined on input line 277.


LaTeX Warning: Citation 'takamoto2022pdebench' on page 18 undefined on input line 280.

) [18]
Á¨¨‰∏âÁ´†
(./chapters/chap03_method.tex [19

] [20] [21]
Overfull \hbox (8.7054pt too wide) in paragraph at lines 172--173
[]\C70/rm/m/n/12.045/68 8 \C70/rm/m/n/12.045/5f √ \C70/rm/m/n/12.045/6d à \C70/rm/m/n/12.045/87 ç \C70/rm/m/n/12.045/89 ¡[][]\OT1/cmr/m/n/12.045 Table 3.2[][][]|\C70/rm/m/n/12.045/ff ^^[| \C70/rm/m/n/12.045/65 O \C70/rm/m/n/12.045/61 ^^_ \C70/rm/m/n/12.045/60 ' \C70/rm/m/n/12.045/52 ^^F \C70/rm/m/n/12.045/67 ê \C70/rm/m/n/12.045/5e ˙ \C70/rm/m/n/12.045/8b Æ \C70/rm/m/n/12.045/62 ä $\OML/cmm/m/it/12.045 s; ^^[[]; k$|\C70/rm/m/n/12.045/30 ^^A| \C70/rm/m/n/12.045/8f π \C70/rm/m/n/12.045/75 L \C70/rm/m/n/12.045/7b V \C70/rm/m/n/12.045/75 e|\C70/rm/m/n/12.045/30 ^^A| \C70/rm/m/n/12.045/4f N \C70/rm/m/n/12.045/98 ë \C70/rm/m/n/12.045/96 ^^H \C70/rm/m/n/12.045/50 < $\OML/cmm/m/it/12.045 K$|\C70/rm/m/n/12.045/30 ^^A| \OT1/cmr/m/n/12.045 Fourier
 []


Underfull \hbox (badness 10000) in paragraph at lines 198--198
[]|\OT1/cmr/m/n/12.045 SR |\C70/rm/m/n/12.045/ff ^^H|\C70/rm/m/n/12.045/4e  \C70/rm/m/n/12.045/91 «
 []

Package hyperref Info: bookmark level for unknown algorithm defaults to 0 on input line 225.
) [22] [23] [24

]
Á¨¨ÂõõÁ´†
(./chapters/chap04_experiments.tex

LaTeX Warning: Citation 'pytorch_randomness' on page 25 undefined on input line 21.

[25]

LaTeX Warning: Citation 'deryck2022kolmogorov' on page 26 undefined on input line 80.


LaTeX Warning: Citation 'deryck2024acta_numerica' on page 26 undefined on input line 80.


LaTeX Warning: Citation 'opencv_resize' on page 26 undefined on input line 102.


LaTeX Warning: Citation 'opencv_gaussianblur' on page 26 undefined on input line 102.

[26] [27]

LaTeX Warning: Citation 'liu2025diminishing_spectral_bias' on page 28 undefined on input line 131.


LaTeX Warning: Citation 'wang2025spectralbias_multiscale' on page 28 undefined on input line 131.


LaTeX Warning: Citation 'wang2022pinn_ntk' on page 28 undefined on input line 138.


LaTeX Warning: Citation 'deryck2024acta_numerica' on page 28 undefined on input line 138.


LaTeX Warning: Citation 'wang2022causality_pinn' on page 28 undefined on input line 141.

[28]

LaTeX Warning: Citation 'kovachki2023neural_operator' on page 29 undefined on input line 151.


LaTeX Warning: Citation 'li2021fno' on page 29 undefined on input line 153.


Overfull \hbox (25.1622pt too wide) in paragraph at lines 153--154
[]\OT1/cmr/m/n/12.045 FNO \C70/rm/m/n/12.045/52 ) \C70/rm/m/n/12.045/75 ( \C70/rm/m/n/12.045/8c 1 \C70/rm/m/n/12.045/57 ﬂ \C70/rm/m/n/12.045/53 w \C70/rm/m/n/12.045/79 Ô \C70/rm/m/n/12.045/90 < \C70/rm/m/n/12.045/8f — \C70/rm/m/n/12.045/7b ó \C70/rm/m/n/12.045/5b P|\C70/rm/m/n/12.045/ff ^^L| \C70/rm/m/n/12.045/57 ( \C70/rm/m/n/12.045/59 ^^Z \C70/rm/m/n/12.045/7c { \C70/rm/m/n/12.045/53 ¬ \C70/rm/m/n/12.045/65 p \C70/rm/m/n/12.045/53 ^^V \OT1/cmr/m/n/12.045 PDE \C70/rm/m/n/12.045/4e 
 \C70/rm/m/n/12.045/9a å \C70/rm/m/n/12.045/8b ¡ \C70/rm/m/n/12.045/4e Ü \C70/rm/m/n/12.045/59 ^^V \C70/rm/m/n/12.045/63 ® \C70/rm/m/n/12.045/4e ^^N \C70/rm/m/n/12.045/65 H \C70/rm/m/n/12.045/73 á \C70/rm/m/n/12.045/4f ^^X \C70/rm/m/n/12.045/52 ø[]\OT1/cmr/m/n/12.045 ; 
 []


LaTeX Warning: Citation 'lu2021deeponet' on page 29 undefined on input line 154.


LaTeX Warning: Citation 'opencv_resize' on page 29 undefined on input line 162.


LaTeX Warning: Citation 'opencv_gaussianblur' on page 29 undefined on input line 162.


LaTeX Warning: Citation 'bartolucci2023reno' on page 29 undefined on input line 165.


LaTeX Warning: Citation 'odena2016checkerboard' on page 29 undefined on input line 171.


Overfull \hbox (26.24106pt too wide) in paragraph at lines 171--172
|\C70/rm/m/n/12.045/ff ^^H|\C70/rm/m/n/12.045/59 Ç \C70/rm/m/n/12.045/53 Ã \C70/rm/m/n/12.045/7e ø \C70/rm/m/n/12.045/60 '\OT1/cmr/m/n/12.045 /\C70/rm/m/n/12.045/67 ^^@ \C70/rm/m/n/12.045/8f — \C70/rm/m/n/12.045/90 ª|\C70/rm/m/n/12.045/ff 	| \OT1/cmr/m/n/12.045 + \C70/rm/m/n/12.045/53 w \C70/rm/m/n/12.045/79 Ô|\C70/rm/m/n/12.045/20 ^^]| \C70/rm/m/n/12.045/66 ˇ \C70/rm/m/n/12.045/4e „ \C70/rm/m/n/12.045/90 Ë \C70/rm/m/n/12.045/52 ^^F \C70/rm/m/n/12.045/8f l \C70/rm/m/n/12.045/7f n \C70/rm/m/n/12.045/53 w \C70/rm/m/n/12.045/79 Ô \C70/rm/m/n/12.045/4e Â \C70/rm/m/n/12.045/51 œ \C70/rm/m/n/12.045/5c ^^Q \C70/rm/m/n/12.045/8b Â \C70/rm/m/n/12.045/7c { \C70/rm/m/n/12.045/4f * \C70/rm/m/n/12.045/5f q[]|\C70/rm/m/n/12.045/30 ^^B|
 []

[29]

LaTeX Warning: Citation 'pytorch_randomness' on page 30 undefined on input line 175.


Overfull \hbox (8.90948pt too wide) in paragraph at lines 175--176
\C70/rm/m/n/12.045/67 : \C70/rm/m/n/12.045/60 ' \C70/rm/m/n/12.045/67 e \C70/rm/m/n/12.045/6e ê|\C70/rm/m/n/12.045/30 ^^A| \C70/rm/m/n/12.045/78 n \C70/rm/m/n/12.045/5b ö \C70/rm/m/n/12.045/60 ' \C70/rm/m/n/12.045/7b V \C70/rm/m/n/12.045/75 e \C70/rm/m/n/12.045/4e Â \C70/rm/m/n/12.045/53   |\C70/rm/m/n/12.045/20 ^^\|\C70/rm/m/n/12.045/78 n \C70/rm/m/n/12.045/5b ö \C70/rm/m/n/12.045/60 ' \C70/rm/m/n/12.045/4e ^^N \C70/rm/m/n/12.045/60 ' \C70/rm/m/n/12.045/80 ˝\OT1/cmr/m/n/12.045 /\C70/rm/m/n/12.045/7b ó \C70/rm/m/n/12.045/5b P \C70/rm/m/n/12.045/53 Ô \C70/rm/m/n/12.045/75 ( \C70/rm/m/n/12.045/60 '|\C70/rm/m/n/12.045/20 ^^]| \C70/rm/m/n/12.045/76 Ñ \C70/rm/m/n/12.045/67 C \C70/rm/m/n/12.045/88 a[]|\C70/rm/m/n/12.045/30 ^^B|
 []


LaTeX Warning: Citation 'liu2025diminishing_spectral_bias' on page 30 undefined on input line 181.


LaTeX Warning: Citation 'wang2025spectralbias_multiscale' on page 30 undefined on input line 181.


LaTeX Warning: Citation 'bartolucci2023reno' on page 30 undefined on input line 182.


LaTeX Warning: Citation 'liu2025diminishing_spectral_bias' on page 30 undefined on input line 190.


LaTeX Warning: Citation 'wang2025spectralbias_multiscale' on page 30 undefined on input line 190.


Overfull \hbox (72.17284pt too wide) in paragraph at lines 190--191
\C70/rm/m/n/12.045/7f n ^^S \C70/rm/m/n/12.045/89 „ \C70/rm/m/n/12.045/78 ^^T \C70/rm/m/n/12.045/7a v \C70/rm/m/n/12.045/65 π \C70/rm/m/n/12.045/54 ^^Q \C70/rm/m/n/12.045/4e ^^@ \C70/rm/m/n/12.045/81 Ù[]\OT1/cmr/m/n/12.045 ; []|\C70/rm/m/n/12.045/ff ^^[|
 []


Underfull \hbox (badness 10000) in paragraph at lines 190--191

 []

[30]

LaTeX Warning: Citation 'kovachki2023neural_operator' on page 31 undefined on input line 191.


LaTeX Warning: Citation 'bartolucci2023reno' on page 31 undefined on input line 191.


Overfull \hbox (37.31438pt too wide) in paragraph at lines 191--192
[]\C70/rm/m/n/12.045/79 ^ \C70/rm/m/n/12.045/7e œ \C70/rm/m/n/12.045/7b ó \C70/rm/m/n/12.045/5b P \C70/rm/m/n/12.045/74 ^^F \C70/rm/m/n/12.045/8b ∫ \C70/rm/m/n/12.045/63 ^^G \C70/rm/m/n/12.045/51 ˙ \C70/rm/m/n/12.045/8d Ë \C70/rm/m/n/12.045/7f Q \C70/rm/m/n/12.045/68 < \C70/rm/m/n/12.045/4e ^^@ \C70/rm/m/n/12.045/81 Ù \C70/rm/m/n/12.045/60 ' \C70/rm/m/n/12.045/66 / \C70/rm/m/n/12.045/7b ó \C70/rm/m/n/12.045/5b P f \C70/rm/m/n/12.045/4e ` \C70/rm/m/n/12.045/76 Ñ \C70/rm/m/n/12.045/91 Õ \C70/rm/m/n/12.045/89 Å \C70/rm/m/n/12.045/63 ^^Q \C70/rm/m/n/12.045/62 ^^X[]|\C70/rm/m/n/12.045/ff ^^L|
 []

) [31] [32

]
Á¨¨‰∫îÁ´†
(./chapters/chap05_results.tex) [33] [34

]
Á¨¨ÂÖ≠Á´†
(./chapters/chap06_discussion.tex

LaTeX Warning: Citation 'takamoto2022pdebench' on page 35 undefined on input line 15.


LaTeX Warning: Citation 'wilkinson2016fair' on page 35 undefined on input line 15.


LaTeX Warning: Reference `sec:reproduce_summary' on page 35 undefined on input line 15.


Overfull \hbox (18.90828pt too wide) in paragraph at lines 15--16
[]|\C70/rm/m/n/12.045/ff ^^L| \C70/rm/m/n/12.045/5e v \C70/rm/m/n/12.045/57 ( \C70/rm/m/n/12.045/67 P \C70/rm/m/n/12.045/65 ô \C70/rm/m/n/12.045/53 ^^E \C70/rm/m/n/12.045/4e - \C70/rm/m/n/12.045/56 ˙ \C70/rm/m/n/12.045/5b ö \C70/rm/m/n/12.045/65 p \C70/rm/m/n/12.045/63 n \C70/rm/m/n/12.045/72 H \C70/rm/m/n/12.045/67 ,|\C70/rm/m/n/12.045/30 ^^A| \C70/rm/m/n/12.045/52 ^^G ^^F \C70/rm/m/n/12.045/65 á \C70/rm/m/n/12.045/4e ˆ ^^N \C70/rm/m/n/12.045/68 ^^G \C70/rm/m/n/12.045/51 ∆ \C70/rm/m/n/12.045/53 ^^V \C70/rm/m/n/12.045/7e ﬂ \C70/rm/m/n/12.045/8b ° \C70/rm/m/n/12.045/91 œ |\C70/rm/m/n/12.045/ff ^^H|\C70/rm/m/n/12.045/89 ¡ \C70/rm/m/n/12.045/7b ,[]\C70/rm/m/n/12.045/82 Ç|\C70/rm/m/n/12.045/ff 	||\C70/rm/m/n/12.045/30 ^^B|
 []


Underfull \hbox (badness 10000) in paragraph at lines 15--16

 []

[35]
Overfull \hbox (15.40465pt too wide) in paragraph at lines 58--59
[]\C70/rm/m/n/12.045/8b ≠ \C70/rm/m/n/12.045/7e √ \C70/rm/m/n/12.045/5f ^^@ \C70/rm/m/n/12.045/59 À \C70/rm/m/n/12.045/51 ô e $\OT1/cmtt/m/n/12.045 runs / <[]exp >[] /config _ merged . yaml$ \C70/rm/m/n/12.045/4e ^^N $\OT1/cmtt/m/n/12.045 runs / <[]exp >[] /env _ fingerprint .
 []


LaTeX Warning: Citation 'pytorch_randomness' on page 36 undefined on input line 59.


LaTeX Warning: Citation 'pytorch_deterministic_algorithms' on page 36 undefined on input line 59.


Overfull \hbox (124.77249pt too wide) in paragraph at lines 59--60
[]\OT1/cmr/m/n/12.045 PyTorch \C70/rm/m/n/12.045/96 è \C70/rm/m/n/12.045/67 : \C70/rm/m/n/12.045/60 ' \C70/rm/m/n/12.045/4e ^^N \C70/rm/m/n/12.045/78 n \C70/rm/m/n/12.045/5b ö \C70/rm/m/n/12.045/60 ' \C70/rm/m/n/12.045/8b æ \C70/rm/m/n/12.045/7f n \C70/rm/m/n/12.045/90 u \C70/rm/m/n/12.045/5f ™ \C70/rm/m/n/12.045/5b ò \C70/rm/m/n/12.045/65 π \C70/rm/m/n/12.045/8b Ù \C70/rm/m/n/12.045/66 ^^N[]\OT1/cmr/m/n/12.045 ; []|\C70/rm/m/n/12.045/30 ^^B|
 []


Underfull \hbox (badness 10000) in paragraph at lines 59--60

 []


LaTeX Warning: Citation 'wang2004ssim' on page 36 undefined on input line 89.

[36]
Overfull \hbox (44.24551pt too wide) detected at line 118
[][][][]\OT1/cmr/m/n/12.045 (\OML/cmm/m/it/12.045 t\OT1/cmr/m/n/12.045 ) = []\OML/cmm/m/it/12.045 ;  []\OT1/cmr/m/n/12.045 (\OML/cmm/m/it/12.045 t\OT1/cmr/m/n/12.045 ) = []\OML/cmm/m/it/12.045 :
 []


LaTeX Warning: Citation 'student1908probable' on page 37 undefined on input line 134.


LaTeX Warning: Citation 'cohen1988power' on page 37 undefined on input line 141.


Overfull \hbox (17.81154pt too wide) in paragraph at lines 141--142
\C70/rm/bx/n/12.045/65 H \C70/rm/bx/n/12.045/5e î \C70/rm/bx/n/12.045/91 œ |\C70/rm/bx/n/12.045/ff ^^H|\OT1/cmr/bx/n/12.045 Cohen's $\OML/cmm/m/it/12.045 d$|\C70/rm/bx/n/12.045/ff ^^L| \C70/rm/bx/n/12.045/91 M \C70/rm/bx/n/12.045/5b ˘ \C70/rm/bx/n/12.045/8b æ °|\C70/rm/bx/n/12.045/ff 	||\C70/rm/bx/n/12.045/30 ^^B| [] \C70/rm/m/n/12.045/91 « \C70/rm/m/n/12.045/75 ( \C70/rm/m/n/12.045/91 M \C70/rm/m/n/12.045/5b ˘ \C70/rm/m/n/12.045/8b æ ° \C70/rm/m/n/12.045/5e 8 \C70/rm/m/n/12.045/75 ( \C70/rm/m/n/12.045/5b ö \C70/rm/m/n/12.045/4e I |\C70/rm/m/n/12.045/ff ^^H|\C70/rm/m/n/12.045/4e ¶ \C70/rm/m/n/12.045/79  $\OML/cmm/m/it/12.045 d[]$|\C70/rm/m/n/12.045/ff 	| []|^^Z|
 []


Underfull \hbox (badness 10000) in paragraph at lines 141--142

 []


LaTeX Warning: Citation 'pytorch_cuda_memory' on page 37 undefined on input line 153.


LaTeX Warning: Citation 'pytorch_max_memory_allocated' on page 37 undefined on input line 153.


Overfull \hbox (36.47694pt too wide) in paragraph at lines 153--154
[]\C70/rm/m/n/12.045/66 > \C70/rm/m/n/12.045/5b X \C70/rm/m/n/12.045/5c  \C70/rm/m/n/12.045/50 < |\C70/rm/m/n/12.045/ff ^^H|\OT1/cmr/m/n/12.045 GB|\C70/rm/m/n/12.045/ff 	||^^Z| \C70/rm/m/n/12.045/56 ˙ \C70/rm/m/n/12.045/5b ö \C70/rm/m/n/12.045/6d A \C70/rm/m/n/12.045/7a  \C70/rm/m/n/12.045/5e v \C70/rm/m/n/12.045/4f ^^? \C70/rm/m/n/12.045/75 ( \OT1/cmr/m/n/12.045 Py-Torch CUDA mem-ory API[];
 []

[37]

LaTeX Warning: Citation 'student1908probable' on page 38 undefined on input line 206.


LaTeX Warning: Citation 'cohen1988power' on page 38 undefined on input line 206.


Overfull \hbox (41.46677pt too wide) in paragraph at lines 206--207
\C70/rm/m/n/12.045/5f S $\OML/cmm/m/it/12.045 p$ \C70/rm/m/n/12.045/50 < \C70/rm/m/n/12.045/66 > \C70/rm/m/n/12.045/84 W \C70/rm/m/n/12.045/4e ^^T $\OML/cmm/m/it/12.045 d$ \C70/rm/m/n/12.045/54 H \C70/rm/m/n/12.045/4e - \C70/rm/m/n/12.045/7b I \C70/rm/m/n/12.045/53   \C70/rm/m/n/12.045/4e Â 
 \C70/rm/m/n/12.045/65 H \C70/rm/m/n/12.045/5e î \C70/rm/m/n/12.045/91 œ \C70/rm/m/n/12.045/65 ˆ|\C70/rm/m/n/12.045/ff ^^L| \C70/rm/m/n/12.045/8b § \C70/rm/m/n/12.045/4e : \C70/rm/m/n/12.045/65 9 \C70/rm/m/n/12.045/8f € \C70/rm/m/n/12.045/51 w \C70/rm/m/n/12.045/67 	 \C70/rm/m/n/12.045/7e ﬂ \C70/rm/m/n/12.045/8b ° \C70/rm/m/n/12.045/4e ^^N \C70/rm/m/n/12.045/5b û \C70/rm/m/n/12.045/96 E \C70/rm/m/n/12.045/61 ^^O \C70/rm/m/n/12.045/4e I[]\OT1/cmr/m/n/12.045 ;
 []


Underfull \vbox (badness 10000) has occurred while \output is active []

 [38] [39]
Overfull \hbox (18.04749pt too wide) in paragraph at lines 245--257
 [][] 
 []

[40]
Overfull \hbox (19.27643pt too wide) in paragraph at lines 315--316
[]\C70/rm/m/n/12.045/63 ^^G \C70/rm/m/n/12.045/68 ^^G \C70/rm/m/n/12.045/5b å \C70/rm/m/n/12.045/65 t|\C70/rm/m/n/12.045/ff ^^Z| \OT1/cmr/m/n/12.045 Rel-L2|\C70/rm/m/n/12.045/30 ^^A| \OT1/cmr/m/n/12.045 MAE|\C70/rm/m/n/12.045/30 ^^A| \OT1/cmr/m/n/12.045 PSNR|\C70/rm/m/n/12.045/30 ^^A| \OT1/cmr/m/n/12.045 SSIM|\C70/rm/m/n/12.045/30 ^^A| \OT1/cmr/m/n/12.045 fRMSE-low/mid/high|\C70/rm/m/n/12.045/30 ^^A| \OT1/cmr/m/n/12.045 bRMSE|\C70/rm/m/n/12.045/30 ^^A| \OT1/cmr/m/n/12.045 cRMSE|\C70/rm/m/n/12.045/30 ^^A|
 []

[41]
Overfull \hbox (14.63133pt too wide) in paragraph at lines 327--328
[]\OT1/cmtt/m/n/12.045 degradation \C70/rm/m/n/12.045/4e ^^N \OT1/cmtt/m/n/12.045 dc \C70/rm/m/n/12.045/5b W \C70/rm/m/n/12.045/6b µ \C70/rm/m/n/12.045/95 \ \C70/rm/m/n/12.045/50 œ|\C70/rm/m/n/12.045/ff ^^[| \C70/rm/m/n/12.045/4e ^^@ \C70/rm/m/n/12.045/81 Ù \C70/rm/m/n/12.045/60 ' \C70/rm/m/n/12.045/81 ^^Z \C70/rm/m/n/12.045/