\BOOKMARK [0][-]{chapter.1}{\376\377\176\352\213\272}{}% 1
\BOOKMARK [1][-]{section.1.1}{\376\377\170\024\172\166\200\314\146\157}{chapter.1}% 2
\BOOKMARK [2][-]{subsection.1.1.1}{\376\377\172\000\165\217\211\302\155\113\116\013\166\204\145\366\172\172\127\072\221\315\136\372\227\000\154\102}{section.1.1}% 3
\BOOKMARK [2][-]{subsection.1.1.2}{\376\377\171\321\133\146\147\072\126\150\133\146\116\140\116\016\173\227\133\120\133\146\116\140\166\204\143\250\122\250\117\134\165\050}{section.1.1}% 4
\BOOKMARK [1][-]{section.1.2}{\376\377\170\024\172\166\122\250\147\072\116\016\136\224\165\050\127\072\146\157}{chapter.1}% 5
\BOOKMARK [1][-]{section.1.3}{\376\377\170\024\172\166\225\356\230\230\133\232\116\111\116\016\145\160\133\146\137\142\137\017\123\026}{chapter.1}% 6
\BOOKMARK [2][-]{subsection.1.3.1}{\376\377\211\302\155\113\152\041\127\213\116\016\221\315\136\372\166\356\150\007}{section.1.3}% 7
\BOOKMARK [2][-]{subsection.1.3.2}{\376\377\116\373\122\241\123\343\137\204\377\032\215\205\122\006\217\250\116\016\210\301\122\152\377\010\171\072\117\213\377\011}{section.1.3}% 8
\BOOKMARK [1][-]{section.1.4}{\376\377\172\000\165\217\211\302\155\113\221\315\136\372\166\204\121\163\225\056\143\021\142\030}{chapter.1}% 9
\BOOKMARK [2][-]{subsection.1.4.1}{\376\377\155\367\123\340\116\016\230\221\214\061\131\061\167\037}{section.1.4}% 10
\BOOKMARK [2][-]{subsection.1.4.2}{\376\377\213\255\176\303\123\343\137\204\116\016\213\304\155\113\123\343\137\204\145\255\210\302}{section.1.4}% 11
\BOOKMARK [2][-]{subsection.1.4.3}{\376\377\227\136\124\150\147\037\217\271\165\114\116\016\134\100\220\350\117\052\137\161\142\151\145\143}{section.1.4}% 12
\BOOKMARK [2][-]{subsection.1.4.4}{\376\377\123\357\131\015\163\260\140\047\116\016\123\357\133\241\213\241\140\047}{section.1.4}% 13
\BOOKMARK [1][-]{section.1.5}{\376\377\166\370\121\163\135\345\117\134\176\374\217\360\116\016\133\232\117\115\377\010\200\132\161\046\123\357\204\075\127\060\137\025\165\050\377\011}{chapter.1}% 14
\BOOKMARK [2][-]{subsection.1.5.1}{\376\377\162\151\164\006\176\246\147\137\133\146\116\140\377\032\000P\000I\000N\000N}{section.1.5}% 15
\BOOKMARK [2][-]{subsection.1.5.2}{\376\377\173\227\133\120\133\146\116\140\377\032\000F\000N\000O\000\040\116\016\000\040\000D\000e\000e\000p\000O\000N\000e\000t}{section.1.5}% 16
\BOOKMARK [2][-]{subsection.1.5.3}{\376\377\162\151\164\006\117\341\140\157\116\016\173\227\133\120\133\146\116\140\166\204\176\323\124\010\377\032\000P\000h\000y\000s\000i\000c\000s\000-\000i\000n\000f\000o\000r\000m\000e\000d\000\040\000D\000e\000e\000p\000O\000N\000e\000t}{section.1.5}% 17
\BOOKMARK [2][-]{subsection.1.5.4}{\376\377\147\054\145\207\133\232\117\115}{section.1.5}% 18
\BOOKMARK [1][-]{section.1.6}{\376\377\170\024\172\166\121\205\133\271\116\016\142\200\147\057\215\357\176\277}{chapter.1}% 19
\BOOKMARK [2][-]{subsection.1.6.1}{\376\377\140\073\117\123\215\357\176\277}{section.1.6}% 20
\BOOKMARK [2][-]{subsection.1.6.2}{\376\377\143\007\150\007\117\123\174\373\116\016\116\000\201\364\140\047\166\356\150\007}{section.1.6}% 21
\BOOKMARK [2][-]{subsection.1.6.3}{\376\377\143\137\131\061\213\276\213\241\377\010\171\072\141\017\377\011}{section.1.6}% 22
\BOOKMARK [1][-]{section.1.7}{\376\377\122\033\145\260\160\271\116\016\116\073\211\201\215\041\163\056}{chapter.1}% 23
\BOOKMARK [1][-]{section.1.8}{\376\377\213\272\145\207\176\323\147\204\133\211\143\222}{chapter.1}% 24
\BOOKMARK [1][-]{section.1.9}{\376\377\170\024\172\166\117\046\164\006\116\016\124\010\211\304}{chapter.1}% 25
\BOOKMARK [1][-]{section.1.10}{\376\377\147\054\172\340\134\017\176\323}{chapter.1}% 26
\BOOKMARK [1][-]{section*.2}{\376\377\121\163\225\056\147\057\213\355\210\150\377\010\147\054\172\340\123\343\137\204\377\011}{chapter.1}% 27
\BOOKMARK [0][-]{chapter.2}{\376\377\166\370\121\163\135\345\117\134}{}% 28
\BOOKMARK [1][-]{section.2.1}{\376\377\147\054\172\340\151\202\217\360}{chapter.2}% 29
\BOOKMARK [1][-]{section.2.2}{\376\377\121\205\133\271\377\010\123\140\117\115\377\011}{chapter.2}% 30
\BOOKMARK [0][-]{chapter.3}{\376\377\145\271\154\325}{}% 31
\BOOKMARK [1][-]{section.3.1}{\376\377\147\054\172\340\151\202\217\360}{chapter.3}% 32
\BOOKMARK [1][-]{section.3.2}{\376\377\121\205\133\271\377\010\123\140\117\115\377\011}{chapter.3}% 33
\BOOKMARK [0][-]{chapter.4}{\376\377\133\236\232\214\213\276\177\156}{}% 34
\BOOKMARK [1][-]{section.4.1}{\376\377\147\054\172\340\151\202\217\360}{chapter.4}% 35
\BOOKMARK [1][-]{section.4.2}{\376\377\121\205\133\271\377\010\123\140\117\115\377\011}{chapter.4}% 36
\BOOKMARK [0][-]{chapter.5}{\376\377\176\323\147\234\116\016\122\006\147\220}{}% 37
\BOOKMARK [1][-]{section.5.1}{\376\377\147\054\172\340\151\202\217\360}{chapter.5}% 38
\BOOKMARK [1][-]{section.5.2}{\376\377\121\205\133\271\377\010\123\140\117\115\377\011}{chapter.5}% 39
\BOOKMARK [0][-]{chapter.6}{\376\377\213\250\213\272}{}% 40
\BOOKMARK [1][-]{section.6.1}{\376\377\147\054\172\340\151\202\217\360}{chapter.6}% 41
\BOOKMARK [1][-]{section.6.2}{\376\377\121\205\133\271\377\010\123\140\117\115\377\011}{chapter.6}% 42
\BOOKMARK [0][-]{chapter.7}{\376\377\176\323\213\272}{}% 43
\BOOKMARK [1][-]{section.7.1}{\376\377\147\054\172\340\151\202\217\360}{chapter.7}% 44
\BOOKMARK [1][-]{section.7.2}{\376\377\121\205\133\271\377\010\123\140\117\115\377\011}{chapter.7}% 45
\BOOKMARK [0][-]{chapter.8}{\376\377\226\104\137\125}{}% 46
\BOOKMARK [1][-]{section.8.1}{\376\377\147\054\172\340\151\202\217\360}{chapter.8}% 47
\BOOKMARK [1][-]{section.8.2}{\376\377\121\205\133\271\377\010\123\140\117\115\377\011}{chapter.8}% 48
\BOOKMARK [0][-]{chapter.9}{\376\377\201\364\214\042}{}% 49
\BOOKMARK [1][-]{section.9.1}{\376\377\147\054\172\340\151\202\217\360}{chapter.9}% 50
\BOOKMARK [1][-]{section.9.2}{\376\377\121\205\133\271\377\010\123\140\117\115\377\011}{chapter.9}% 51
\BOOKMARK [0][-]{chapter*.3}{\376\377\123\302\200\003\145\207\163\056}{}% 52
